Component: ARM Compiler 5.05 update 2 (build 169) Tool: armlink [4d0f33]

==============================================================================

Section Cross References

    main.o(i.dp_cmsis) refers to arm_mult_f32.o(.text) for arm_mult_f32
    main.o(i.dp_cmsis) refers to arm_add_f32.o(.text) for arm_add_f32
    main.o(i.main) refers to _printf_percent.o(.ARM.Collect$$_printf_percent$$00000000) for _printf_percent
    main.o(i.main) refers to _printf_f.o(.ARM.Collect$$_printf_percent$$00000003) for _printf_f
    main.o(i.main) refers to printf1.o(x$fpl$printf1) for _printf_fp_dec
    main.o(i.main) refers to _printf_d.o(.ARM.Collect$$_printf_percent$$00000009) for _printf_d
    main.o(i.main) refers to _printf_dec.o(.text) for _printf_int_dec
    main.o(i.main) refers to main.o(i.dp_c) for dp_c
    main.o(i.main) refers to f2d.o(x$fpl$f2d) for __aeabi_f2d
    main.o(i.main) refers to noretval__2printf.o(.text) for __2printf
    main.o(i.main) refers to main.o(i.dp_cmsis) for dp_cmsis
    main.o(i.main) refers to main.o(i.variance_c) for variance_c
    main.o(i.main) refers to asm_max.o(test) for asm_max
    main.o(i.main) refers to arm_max_f32.o(.text) for arm_max_f32
    main.o(i.main) refers to main.o(.constdata) for .constdata
    main.o(i.main) refers to main.o(.data) for f1000_array
    main.o(i.variance_c) refers to f2d.o(x$fpl$f2d) for __aeabi_f2d
    main.o(i.variance_c) refers to pow.o(i.__hardfp_pow) for __hardfp_pow
    main.o(i.variance_c) refers to daddsub_clz.o(x$fpl$dadd) for __aeabi_dadd
    main.o(i.variance_c) refers to d2f_clz.o(x$fpl$d2f) for __aeabi_d2f
    retarget_io.o(i.ITM_ReceiveChar) refers to retarget_io.o(.data) for ITM_RxBuffer
    retarget_io.o(i._sys_open) refers to strcmpv7m.o(.text) for strcmp
    retarget_io.o(i._sys_write) refers to retarget_io.o(i.stdout_putchar) for stdout_putchar
    retarget_io.o(i.stdout_putchar) refers to retarget_io.o(i.ITM_SendChar) for ITM_SendChar
    startup_armcm4.o(STACK) refers (Special) to heapauxi.o(.text) for __use_two_region_memory
    startup_armcm4.o(HEAP) refers (Special) to heapauxi.o(.text) for __use_two_region_memory
    startup_armcm4.o(RESET) refers (Special) to heapauxi.o(.text) for __use_two_region_memory
    startup_armcm4.o(RESET) refers to startup_armcm4.o(STACK) for __initial_sp
    startup_armcm4.o(RESET) refers to startup_armcm4.o(.text) for Reset_Handler
    startup_armcm4.o(.text) refers (Special) to heapauxi.o(.text) for __use_two_region_memory
    startup_armcm4.o(.text) refers to system_armcm4.o(i.SystemInit) for SystemInit
    startup_armcm4.o(.text) refers to __main.o(!!!main) for __main
    startup_armcm4.o(.text) refers to startup_armcm4.o(HEAP) for Heap_Mem
    startup_armcm4.o(.text) refers to startup_armcm4.o(STACK) for Stack_Mem
    system_armcm4.o(i.SystemCoreClockUpdate) refers to system_armcm4.o(.data) for SystemCoreClock
    system_armcm4.o(i.SystemInit) refers to startup_armcm4.o(RESET) for __Vectors
    system_armcm4.o(i.SystemInit) refers to system_armcm4.o(.data) for SystemCoreClock
    __2printf.o(.text) refers to _printf_char_file.o(.text) for _printf_char_file
    __2printf.o(.text) refers to stdio_streams.o(.bss) for __stdout
    noretval__2printf.o(.text) refers to _printf_char_file.o(.text) for _printf_char_file
    noretval__2printf.o(.text) refers to stdio_streams.o(.bss) for __stdout
    __printf.o(.text) refers to _printf_percent.o(.ARM.Collect$$_printf_percent$$00000000) for _printf_percent
    _printf_dec.o(.text) refers to _printf_intcommon.o(.text) for _printf_int_common
    __printf_flags.o(.text) refers to _printf_percent.o(.ARM.Collect$$_printf_percent$$00000000) for _printf_percent
    __printf_flags.o(.text) refers to __printf_flags.o(.constdata) for .constdata
    __printf_ss.o(.text) refers to _printf_percent.o(.ARM.Collect$$_printf_percent$$00000000) for _printf_percent
    __printf_flags_ss.o(.text) refers to _printf_percent.o(.ARM.Collect$$_printf_percent$$00000000) for _printf_percent
    __printf_flags_ss.o(.text) refers to __printf_flags_ss.o(.constdata) for .constdata
    __printf_wp.o(.text) refers to __printf_wp.o(i._is_digit) for _is_digit
    __printf_wp.o(.text) refers to _printf_percent.o(.ARM.Collect$$_printf_percent$$00000000) for _printf_percent
    __printf_flags_wp.o(.text) refers to __printf_wp.o(i._is_digit) for _is_digit
    __printf_flags_wp.o(.text) refers to _printf_percent.o(.ARM.Collect$$_printf_percent$$00000000) for _printf_percent
    __printf_flags_wp.o(.text) refers to __printf_flags_wp.o(.constdata) for .constdata
    __printf_ss_wp.o(.text) refers to __printf_wp.o(i._is_digit) for _is_digit
    __printf_ss_wp.o(.text) refers to _printf_percent.o(.ARM.Collect$$_printf_percent$$00000000) for _printf_percent
    __printf_flags_ss_wp.o(.text) refers to __printf_wp.o(i._is_digit) for _is_digit
[...]
    ../clib/stdio.c                          0x00000000   Number         0  flsbuf.o ABSOLUTE
    ../clib/stdio.c                          0x00000000   Number         0  fwritefast_locked.o ABSOLUTE
    ../clib/stdio.c                          0x00000000   Number         0  fflush_locked.o ABSOLUTE
    ../clib/stdio.c                          0x00000000   Number         0  fseek.o ABSOLUTE
    ../clib/stdio.c                          0x00000000   Number         0  setvbuf.o ABSOLUTE
    ../clib/stdio.c                          0x00000000   Number         0  streamlock.o ABSOLUTE
    ../clib/stdio.c                          0x00000000   Number         0  fopen.o ABSOLUTE
    ../clib/stdio.c                          0x00000000   Number         0  stdio.o ABSOLUTE
    ../clib/stdlib.c                         0x00000000   Number         0  exit.o ABSOLUTE
    ../clib/wchar.c                          0x00000000   Number         0  flsbuf_fwide.o ABSOLUTE
    ../fplib/basic.s                         0x00000000   Number         0  basic.o ABSOLUTE
    ../fplib/d2f.s                           0x00000000   Number         0  d2f_clz.o ABSOLUTE
    ../fplib/daddsub.s                       0x00000000   Number         0  daddsub_clz.o ABSOLUTE
    ../fplib/dcheck1.s                       0x00000000   Number         0  dcheck1.o ABSOLUTE
    ../fplib/dcmpi.s                         0x00000000   Number         0  dcmpi.o ABSOLUTE
    ../fplib/ddiv.s                          0x00000000   Number         0  ddiv_clz.o ABSOLUTE
    ../fplib/dflt.s                          0x00000000   Number         0  dflt_clz.o ABSOLUTE
    ../fplib/dleqf.s                         0x00000000   Number         0  dleqf.o ABSOLUTE
    ../fplib/dmul.s                          0x00000000   Number         0  dmul_clz.o ABSOLUTE
    ../fplib/dnaninf.s                       0x00000000   Number         0  dnaninf.o ABSOLUTE
    ../fplib/drenorm.s                       0x00000000   Number         0  drenorm_clz.o ABSOLUTE
    ../fplib/dretinf.s                       0x00000000   Number         0  dretinf.o ABSOLUTE
    ../fplib/drleqf.s                        0x00000000   Number         0  drleqf.o ABSOLUTE
    ../fplib/dsqrt.s                         0x00000000   Number         0  dsqrt_umaalclz.o ABSOLUTE
    ../fplib/dunder.s                        0x00000000   Number         0  dunder_clz.o ABSOLUTE
    ../fplib/except.s                        0x00000000   Number         0  except.o ABSOLUTE
    ../fplib/f2d.s                           0x00000000   Number         0  f2d.o ABSOLUTE
    ../fplib/fnaninf.s                       0x00000000   Number         0  fnaninf.o ABSOLUTE
    ../fplib/fpinit.s                        0x00000000   Number         0  fpinit.o ABSOLUTE
    ../fplib/fretinf.s                       0x00000000   Number         0  fretinf.o ABSOLUTE
    ../fplib/funder.s                        0x00000000   Number         0  funder_clz.o ABSOLUTE
    ../fplib/istatus.s                       0x00000000   Number         0  istatus.o ABSOLUTE
    ../fplib/printf1.s                       0x00000000   Number         0  printf1.o ABSOLUTE
    ../fplib/retnan.s                        0x00000000   Number         0  retnan.o ABSOLUTE
    ../fplib/scalbn.s                        0x00000000   Number         0  scalbn_clz.o ABSOLUTE
    ../fplib/trapv.s                         0x00000000   Number         0  trapv.o ABSOLUTE
    ../fplib/usenofp.s                       0x00000000   Number         0  usenofp.o ABSOLUTE
    ../mathlib/dunder.c                      0x00000000   Number         0  dunder.o ABSOLUTE
    ../mathlib/fabs.c                        0x00000000   Number         0  fabs.o ABSOLUTE
    ../mathlib/fpclassify.c                  0x00000000   Number         0  fpclassify.o ABSOLUTE
    ../mathlib/poly.c                        0x00000000   Number         0  poly.o ABSOLUTE
    ../mathlib/pow.c                         0x00000000   Number         0  pow.o ABSOLUTE
    ../mathlib/pow.c                         0x00000000   Number         0  pow_x.o ABSOLUTE
    ../mathlib/qnan.c                        0x00000000   Number         0  qnan.o ABSOLUTE
    ../mathlib/sqrt.c                        0x00000000   Number         0  sqrt_full_x.o ABSOLUTE
    ../mathlib/sqrt.c                        0x00000000   Number         0  sqrt_full.o ABSOLUTE
    ..\..\Source\BasicMathFunctions\arm_add_f32.c 0x00000000   Number         0  arm_add_f32.o ABSOLUTE
    ..\..\Source\BasicMathFunctions\arm_mult_f32.c 0x00000000   Number         0  arm_mult_f32.o ABSOLUTE
    ..\..\Source\StatisticsFunctions\arm_max_f32.c 0x00000000   Number         0  arm_max_f32.o ABSOLUTE
    ..\\..\\Source\\BasicMathFunctions\\arm_add_f32.c 0x00000000   Number         0  arm_add_f32.o ABSOLUTE
    ..\\..\\Source\\BasicMathFunctions\\arm_mult_f32.c 0x00000000   Number         0  arm_mult_f32.o ABSOLUTE
    ..\\..\\Source\\StatisticsFunctions\\arm_max_f32.c 0x00000000   Number         0  arm_max_f32.o ABSOLUTE
    C:\Keil_v5\ARM\PACK\Keil\ARM_Compiler\1.4.0\Source\retarget_io.c 0x00000000   Number         0  retarget_io.o ABSOLUTE
    RTE\Device\ARMCM4_FP\startup_ARMCM4.s    0x00000000   Number         0  startup_armcm4.o ABSOLUTE
    RTE\Device\ARMCM4_FP\system_ARMCM4.c     0x00000000   Number         0  system_armcm4.o ABSOLUTE
    RTE\\Device\\ARMCM4_FP\\system_ARMCM4.c  0x00000000   Number         0  system_armcm4.o ABSOLUTE
    asm\asm_max.s                            0x00000000   Number         0  asm_max.o ABSOLUTE
    dc.s                                     0x00000000   Number         0  dc.o ABSOLUTE
    src\\main.c                              0x00000000   Number         0  main.o ABSOLUTE
    src\main.c                               0x00000000   Number         0  main.o ABSOLUTE
    !!!main                                  0x000000c0   Section        8  __main.o(!!!main)
    !!!scatter                               0x000000c8   Section       52  __scatter.o(!!!scatter)
    !!dclz77c                                0x000000fc   Section      100  __dclz77c.o(!!dclz77c)
    !!handler_zi                             0x00000160   Section       28  __scatter_zi.o(!!handler_zi)
    .ARM.Collect$$_printf_percent$$00000000  0x0000017c   Section        0  _printf_percent.o(.ARM.Collect$$_printf_percent$$00000000)
    .ARM.Collect$$_printf_percent$$00000003  0x0000017c   Section        6  _printf_f.o(.ARM.Collect$$_printf_percent$$00000003)
    .ARM.Collect$$_printf_percent$$00000009  0x00000182   Section        6  _printf_d.o(.ARM.Collect$$_printf_percent$$00000009)
    .ARM.Collect$$_printf_percent$$00000017  0x00000188   Section        4  _printf_percent_end.o(.ARM.Collect$$_printf_percent$$00000017)
    .ARM.Collect$$libinit$$00000000          0x0000018c   Section        2  libinit.o(.ARM.Collect$$libinit$$00000000)
    .ARM.Collect$$libinit$$00000001          0x0000018e   Section        4  libinit2.o(.ARM.Collect$$libinit$$00000001)
    .ARM.Collect$$libinit$$00000004          0x00000192   Section        0  libinit2.o(.ARM.Collect$$libinit$$00000004)
    .ARM.Collect$$libinit$$00000005          0x00000192   Section        8  libinit2.o(.ARM.Collect$$libinit$$00000005)
    .ARM.Collect$$libinit$$0000000A          0x0000019a   Section        0  libinit2.o(.ARM.Collect$$libinit$$0000000A)
    .ARM.Collect$$libinit$$0000000C          0x0000019a   Section        0  libinit2.o(.ARM.Collect$$libinit$$0000000C)
    .ARM.Collect$$libinit$$0000000E          0x0000019a   Section        0  libinit2.o(.ARM.Collect$$libinit$$0000000E)
    .ARM.Collect$$libinit$$0000000F          0x0000019a   Section        6  libinit2.o(.ARM.Collect$$libinit$$0000000F)
    .ARM.Collect$$libinit$$00000011          0x000001a0   Section        0  libinit2.o(.ARM.Collect$$libinit$$00000011)
    .ARM.Collect$$libinit$$00000013          0x000001a0   Section        0  libinit2.o(.ARM.Collect$$libinit$$00000013)
    .ARM.Collect$$libinit$$00000015          0x000001a0   Section        0  libinit2.o(.ARM.Collect$$libinit$$00000015)
    .ARM.Collect$$libinit$$00000016          0x000001a0   Section       10  libinit2.o(.ARM.Collect$$libinit$$00000016)
    .ARM.Collect$$libinit$$00000017          0x000001aa   Section        0  libinit2.o(.ARM.Collect$$libinit$$00000017)
    .ARM.Collect$$libinit$$00000019          0x000001aa   Section        0  libinit2.o(.ARM.Collect$$libinit$$00000019)
    .ARM.Collect$$libinit$$0000001B          0x000001aa   Section        0  libinit2.o(.ARM.Collect$$libinit$$0000001B)
    .ARM.Collect$$libinit$$0000001D          0x000001aa   Section        0  libinit2.o(.ARM.Collect$$libinit$$0000001D)
    .ARM.Collect$$libinit$$0000001F          0x000001aa   Section        0  libinit2.o(.ARM.Collect$$libinit$$0000001F)
    .ARM.Collect$$libinit$$00000021          0x000001aa   Section        0  libinit2.o(.ARM.Collect$$libinit$$00000021)
    .ARM.Collect$$libinit$$00000023          0x000001aa   Section        0  libinit2.o(.ARM.Collect$$libinit$$00000023)
    .ARM.Collect$$libinit$$00000024          0x000001aa   Section        4  libinit2.o(.ARM.Collect$$libinit$$00000024)
    .ARM.Collect$$libinit$$00000025          0x000001ae   Section        0  libinit2.o(.ARM.Collect$$libinit$$00000025)
    .ARM.Collect$$libinit$$0000002C          0x000001ae   Section        0  libinit2.o(.ARM.Collect$$libinit$$0000002C)
    .ARM.Collect$$libinit$$0000002E          0x000001ae   Section        0  libinit2.o(.ARM.Collect$$libinit$$0000002E)
    .ARM.Collect$$libinit$$00000030          0x000001ae   Section        0  libinit2.o(.ARM.Collect$$libinit$$00000030)
    .ARM.Collect$$libinit$$00000032          0x000001ae   Section        0  libinit2.o(.ARM.Collect$$libinit$$00000032)
    .ARM.Collect$$libinit$$00000033          0x000001ae   Section        2  libinit2.o(.ARM.Collect$$libinit$$00000033)
    .ARM.Collect$$libshutdown$$00000000      0x000001b0   Section        2  libshutdown.o(.ARM.Collect$$libshutdown$$00000000)
    .ARM.Collect$$libshutdown$$00000002      0x000001b2   Section        4  libshutdown2.o(.ARM.Collect$$libshutdown$$00000002)
    .ARM.Collect$$libshutdown$$00000003      0x000001b6   Section        0  libshutdown2.o(.ARM.Collect$$libshutdown$$00000003)
    .ARM.Collect$$libshutdown$$00000006      0x000001b6   Section        0  libshutdown2.o(.ARM.Collect$$libshutdown$$00000006)
    .ARM.Collect$$libshutdown$$00000009      0x000001b6   Section        0  libshutdown2.o(.ARM.Collect$$libshutdown$$00000009)
    .ARM.Collect$$libshutdown$$0000000B      0x000001b6   Section        0  libshutdown2.o(.ARM.Collect$$libshutdown$$0000000B)
    .ARM.Collect$$libshutdown$$0000000E      0x000001b6   Section        0  libshutdown2.o(.ARM.Collect$$libshutdown$$0000000E)
    .ARM.Collect$$libshutdown$$0000000F      0x000001b6   Section        2  libshutdown2.o(.ARM.Collect$$libshutdown$$0000000F)
    .ARM.Collect$$rtentry$$00000000          0x000001b8   Section        0  __rtentry.o(.ARM.Collect$$rtentry$$00000000)
    .ARM.Collect$$rtentry$$00000002          0x000001b8   Section        0  __rtentry2.o(.ARM.Collect$$rtentry$$00000002)
    .ARM.Collect$$rtentry$$00000004          0x000001b8   Section        6  __rtentry4.o(.ARM.Collect$$rtentry$$00000004)
    .ARM.Collect$$rtentry$$00000009          0x000001be   Section        0  __rtentry2.o(.ARM.Collect$$rtentry$$00000009)
    .ARM.Collect$$rtentry$$0000000A          0x000001be   Section        4  __rtentry2.o(.ARM.Collect$$rtentry$$0000000A)
    .ARM.Collect$$rtentry$$0000000C          0x000001c2   Section        0  __rtentry2.o(.ARM.Collect$$rtentry$$0000000C)
    .ARM.Collect$$rtentry$$0000000D          0x000001c2   Section        8  __rtentry2.o(.ARM.Collect$$rtentry$$0000000D)
    .ARM.Collect$$rtexit$$00000000           0x000001ca   Section        2  rtexit.o(.ARM.Collect$$rtexit$$00000000)
    .ARM.Collect$$rtexit$$00000002           0x000001cc   Section        0  rtexit2.o(.ARM.Collect$$rtexit$$00000002)
    .ARM.Collect$$rtexit$$00000003           0x000001cc   Section        4  rtexit2.o(.ARM.Collect$$rtexit$$00000003)
    .ARM.Collect$$rtexit$$00000004           0x000001d0   Section        6  rtexit2.o(.ARM.Collect$$rtexit$$00000004)
    .emb_text                                0x000001d8   Section        0  maybetermalloc1.o(.emb_text)
    .text                                    0x000001d8   Section       64  startup_armcm4.o(.text)
    $v0                                      0x000001d8   Number         0  startup_armcm4.o(.text)
    .text                                    0x00000218   Section        0  arm_add_f32.o(.text)
    .text                                    0x000002ec   Section        0  arm_mult_f32.o(.text)
    .text                                    0x000003c0   Section        0  arm_max_f32.o(.text)
    .text                                    0x00000498   Section        0  noretval__2printf.o(.text)
    .text                                    0x000004b0   Section        0  __printf.o(.text)
    .text                                    0x00000518   Section        0  _printf_dec.o(.text)
    .text                                    0x00000590   Section      128  strcmpv7m.o(.text)
    .text                                    0x00000610   Section        0  heapauxi.o(.text)
    .text                                    0x00000616   Section        0  _rserrno.o(.text)
    .text                                    0x0000062c   Section        0  _printf_intcommon.o(.text)
    .text                                    0x000006de   Section        0  _printf_fp_dec.o(.text)
    _fp_digits                               0x000006e1   Thumb Code   428  _printf_fp_dec.o(.text)
    .text                                    0x00000af8   Section        0  _printf_char_file.o(.text)
    .text                                    0x00000b1c   Section        8  rt_locale_intlibspace.o(.text)
    .text                                    0x00000b24   Section        8  rt_errno_addr_intlibspace.o(.text)
    .text                                    0x00000b2c   Section      138  lludiv10.o(.text)
    .text                                    0x00000bb8   Section        0  _fptrap.o(.text)
    .text                                    0x00000be8   Section        0  _printf_char_common.o(.text)
    _printf_input_char                       0x00000be9   Thumb Code    10  _printf_char_common.o(.text)
    .text                                    0x00000c18   Section        0  _printf_fp_infnan.o(.text)
    .text                                    0x00000c98   Section        0  bigflt0.o(.text)
    .text                                    0x00000d74   Section        0  ferror.o(.text)
    .text                                    0x00000d7c   Section        0  initio.o(.text)
    .text                                    0x00000eb4   Section        8  libspace.o(.text)
    .text                                    0x00000ebc   Section       74  sys_stackheap_outer.o(.text)
    .text                                    0x00000f06   Section        0  h1_free.o(.text)
    .text                                    0x00000f54   Section        0  flsbuf.o(.text)
    .text                                    0x0000112a   Section        0  setvbuf.o(.text)
    .text                                    0x00001170   Section        0  fopen.o(.text)
    _freopen_locked                          0x00001171   Thumb Code     0  fopen.o(.text)
    .text                                    0x0000125c   Section        0  fclose.o(.text)
    .text                                    0x000012a8   Section        0  exit.o(.text)
    .text                                    0x000012b4   Section        0  defsig_fpe_outer.o(.text)
    .text                                    0x000012c2   Section        0  defsig_rtred_outer.o(.text)
    .text                                    0x000012d0   Section       78  rt_memclr_w.o(.text)
    .text                                    0x00001320   Section        8  rt_heap_descriptor_intlibspace.o(.text)
    .text                                    0x00001328   Section        0  hguard.o(.text)
    .text                                    0x0000132c   Section        0  init_alloc.o(.text)
    .text                                    0x000013b6   Section        0  h1_alloc.o(.text)
    .text                                    0x00001414   Section        0  fseek.o(.text)
    .text                                    0x0000150c   Section        0  stdio.o(.text)
    .text                                    0x000015fc   Section        0  defsig_exit.o(.text)
    .text                                    0x00001608   Section        0  defsig_fpe_inner.o(.text)
    .text                                    0x000016b4   Section        0  defsig_rtred_inner.o(.text)
    .text                                    0x000016e8   Section        0  sys_exit.o(.text)
    .text                                    0x000016f4   Section        0  h1_init.o(.text)
    .text                                    0x00001702   Section        0  h1_extend.o(.text)
    .text                                    0x00001736   Section        0  ftell.o(.text)
    .text                                    0x00001778   Section        0  defsig_general.o(.text)
    .text                                    0x000017aa   Section        0  defsig_rtmem_outer.o(.text)
    .text                                    0x000017b8   Section        0  sys_wrch.o(.text)
    .text                                    0x000017c6   Section        2  use_no_semi.o(.text)
    .text                                    0x000017c8   Section        0  defsig_rtmem_inner.o(.text)
    .text                                    0x000017c8   Section        0  indicate_semi.o(.text)
    CL$$btod_d2e                             0x00001818   Section       62  btod.o(CL$$btod_d2e)
    CL$$btod_d2e_denorm_low                  0x00001856   Section       70  btod.o(CL$$btod_d2e_denorm_low)
    CL$$btod_d2e_norm_op1                    0x0000189c   Section       96  btod.o(CL$$btod_d2e_norm_op1)
    CL$$btod_div_common                      0x000018fc   Section      824  btod.o(CL$$btod_div_common)
    CL$$btod_e2e                             0x00001c34   Section      198  btod.o(CL$$btod_e2e)
    CL$$btod_ediv                            0x00001cfa   Section       40  btod.o(CL$$btod_ediv)
    CL$$btod_emul                            0x00001d22   Section       40  btod.o(CL$$btod_emul)
    CL$$btod_mult_common                     0x00001d4a   Section      580  btod.o(CL$$btod_mult_common)
    i.ITM_SendChar                           0x00001f90   Section        0  retarget_io.o(i.ITM_SendChar)
    i.SystemInit                             0x00001fc0   Section        0  system_armcm4.o(i.SystemInit)
    i.__ARM_fpclassify                       0x00001ff0   Section        0  fpclassify.o(i.__ARM_fpclassify)
    i.__hardfp_pow                           0x00002020   Section        0  pow.o(i.__hardfp_pow)
    i.__kernel_poly                          0x00002c58   Section        0  poly.o(i.__kernel_poly)
    i.__mathlib_dbl_divzero                  0x00002d50   Section        0  dunder.o(i.__mathlib_dbl_divzero)
    i.__mathlib_dbl_infnan2                  0x00002d80   Section        0  dunder.o(i.__mathlib_dbl_infnan2)
    i.__mathlib_dbl_invalid                  0x00002d98   Section        0  dunder.o(i.__mathlib_dbl_invalid)
    i.__mathlib_dbl_overflow                 0x00002db8   Section        0  dunder.o(i.__mathlib_dbl_overflow)
    i.__mathlib_dbl_underflow                0x00002dd8   Section        0  dunder.o(i.__mathlib_dbl_underflow)
    i._sys_close                             0x00002df8   Section        0  retarget_io.o(i._sys_close)
    i._sys_flen                              0x00002e1e   Section        0  retarget_io.o(i._sys_flen)
    i._sys_istty                             0x00002e42   Section        0  retarget_io.o(i._sys_istty)
    i._sys_open                              0x00002e68   Section        0  retarget_io.o(i._sys_open)
    i._sys_seek                              0x00002ed0   Section        0  retarget_io.o(i._sys_seek)
    i._sys_write                             0x00002efc   Section        0  retarget_io.o(i._sys_write)
    i.dp_c                                   0x00002f44   Section        0  main.o(i.dp_c)
    i.dp_cmsis                               0x00002f7c   Section        0  main.o(i.dp_cmsis)
    i.fabs                                   0x00002fb8   Section        0  fabs.o(i.fabs)
    i.fputc                                  0x00002fd0   Section        0  fputc.o(i.fputc)
    i.main                                   0x00002fec   Section        0  main.o(i.main)
    i.sqrt                                   0x0000328c   Section        0  sqrt_full.o(i.sqrt)
    i.stdout_putchar                         0x000032fa   Section        0  retarget_io.o(i.stdout_putchar)
    stdout_putchar                           0x000032fb   Thumb Code    12  retarget_io.o(i.stdout_putchar)
    i.variance_c                             0x00003308   Section        0  main.o(i.variance_c)
    locale$$code                             0x000033e0   Section       44  lc_numeric_c.o(locale$$code)
    test                                     0x0000340c   Section       50  asm_max.o(test)
    $v0                                      0x0000340c   Number         0  asm_max.o(test)
    x$fpl$basic                              0x0000343e   Section       24  basic.o(x$fpl$basic)
    $v0                                      0x0000343e   Number         0  basic.o(x$fpl$basic)
    x$fpl$d2f                                0x00003458   Section      708  d2f_clz.o(x$fpl$d2f)
    $v0                                      0x00003458   Number         0  d2f_clz.o(x$fpl$d2f)
    x$fpl$dadd                               0x0000371c   Section      588  daddsub_clz.o(x$fpl$dadd)
    $v0                                      0x0000371c   Number         0  daddsub_clz.o(x$fpl$dadd)
    _dadd1                                   0x00003747   Thumb Code     0  daddsub_clz.o(x$fpl$dadd)
    dadd_zerodenorm                          0x000038e7   Thumb Code     0  daddsub_clz.o(x$fpl$dadd)
    x$fpl$dcheck1                            0x00003968   Section       28  dcheck1.o(x$fpl$dcheck1)
    $v0                                      0x00003968   Number         0  dcheck1.o(x$fpl$dcheck1)
    x$fpl$dcmpinf                            0x00003984   Section       24  dcmpi.o(x$fpl$dcmpinf)
    $v0                                      0x00003984   Number         0  dcmpi.o(x$fpl$dcmpinf)
    x$fpl$ddiv                               0x0000399c   Section      892  ddiv_clz.o(x$fpl$ddiv)
    $v0                                      0x0000399c   Number         0  ddiv_clz.o(x$fpl$ddiv)
    ddiv_entry                               0x000039a3   Thumb Code     0  ddiv_clz.o(x$fpl$ddiv)
    x$fpl$dflt                               0x00003d18   Section       46  dflt_clz.o(x$fpl$dflt)
    $v0                                      0x00003d18   Number         0  dflt_clz.o(x$fpl$dflt)
    x$fpl$dfltn                              0x00003d46   Section       26  dflt_clz.o(x$fpl$dfltn)
    $v0                                      0x00003d46   Number         0  dflt_clz.o(x$fpl$dfltn)
    x$fpl$dleqf                              0x00003d60   Section      120  dleqf.o(x$fpl$dleqf)
    $v0                                      0x00003d60   Number         0  dleqf.o(x$fpl$dleqf)
    x$fpl$dmul                               0x00003dd8   Section      448  dmul_clz.o(x$fpl$dmul)
    $v0                                      0x00003dd8   Number         0  dmul_clz.o(x$fpl$dmul)
    x$fpl$dnaninf                            0x00003f98   Section      258  dnaninf.o(x$fpl$dnaninf)
    $v0                                      0x00003f98   Number         0  dnaninf.o(x$fpl$dnaninf)
    x$fpl$drenorm                            0x0000409a   Section      112  drenorm_clz.o(x$fpl$drenorm)
    $v0                                      0x0000409a   Number         0  drenorm_clz.o(x$fpl$drenorm)
    x$fpl$dretinf                            0x0000410a   Section       12  dretinf.o(x$fpl$dretinf)
    $v0                                      0x0000410a   Number         0  dretinf.o(x$fpl$dretinf)
    x$fpl$drleqf                             0x00004116   Section       98  drleqf.o(x$fpl$drleqf)
    $v0                                      0x00004116   Number         0  drleqf.o(x$fpl$drleqf)
    x$fpl$drsb                               0x00004178   Section       80  daddsub_clz.o(x$fpl$drsb)
    $v0                                      0x00004178   Number         0  daddsub_clz.o(x$fpl$drsb)
    x$fpl$dsqrt                              0x000041c8   Section      520  dsqrt_umaalclz.o(x$fpl$dsqrt)
    $v0                                      0x000041c8   Number         0  dsqrt_umaalclz.o(x$fpl$dsqrt)
    x$fpl$dsub                               0x000043d0   Section      668  daddsub_clz.o(x$fpl$dsub)
    $v0                                      0x000043d0   Number         0  daddsub_clz.o(x$fpl$dsub)
    _dsub1                                   0x000043fb   Thumb Code     0  daddsub_clz.o(x$fpl$dsub)
    daddsub_denorm                           0x000045bf   Thumb Code     0  daddsub_clz.o(x$fpl$dsub)
    dsub_uncommon_first                      0x000045d3   Thumb Code     0  daddsub_clz.o(x$fpl$dsub)
    dsub_zerodenorm                          0x000045f1   Thumb Code     0  daddsub_clz.o(x$fpl$dsub)
    x$fpl$dunder                             0x0000466c   Section      378  dunder_clz.o(x$fpl$dunder)
    $v0                                      0x0000466c   Number         0  dunder_clz.o(x$fpl$dunder)
    x$fpl$exception                          0x000047e8   Section      492  except.o(x$fpl$exception)
    $v0                                      0x000047e8   Number         0  except.o(x$fpl$exception)
    x$fpl$f2d                                0x000049d4   Section      122  f2d.o(x$fpl$f2d)
    $v0                                      0x000049d4   Number         0  f2d.o(x$fpl$f2d)
    x$fpl$fnaninf                            0x00004a4e   Section      242  fnaninf.o(x$fpl$fnaninf)
    $v0                                      0x00004a4e   Number         0  fnaninf.o(x$fpl$fnaninf)
    x$fpl$fpinit                             0x00004b40   Section       10  fpinit.o(x$fpl$fpinit)
    $v0                                      0x00004b40   Number         0  fpinit.o(x$fpl$fpinit)
    x$fpl$fretinf                            0x00004b4a   Section       10  fretinf.o(x$fpl$fretinf)
    $v0                                      0x00004b4a   Number         0  fretinf.o(x$fpl$fretinf)
    x$fpl$funder                             0x00004b54   Section      316  funder_clz.o(x$fpl$funder)
    $v0                                      0x00004b54   Number         0  funder_clz.o(x$fpl$funder)
    x$fpl$ieeestatus                         0x00004c90   Section       32  istatus.o(x$fpl$ieeestatus)
    $v0                                      0x00004c90   Number         0  istatus.o(x$fpl$ieeestatus)
    x$fpl$printf1                            0x00004cb0   Section        4  printf1.o(x$fpl$printf1)
    $v0                                      0x00004cb0   Number         0  printf1.o(x$fpl$printf1)
    x$fpl$retnan                             0x00004cb4   Section      178  retnan.o(x$fpl$retnan)
    $v0                                      0x00004cb4   Number         0  retnan.o(x$fpl$retnan)
    x$fpl$scalbn                             0x00004d68   Section      276  scalbn_clz.o(x$fpl$scalbn)
    $v0                                      0x00004d68   Number         0  scalbn_clz.o(x$fpl$scalbn)
    x$fpl$trapveneer                         0x00004e7c   Section      126  trapv.o(x$fpl$trapveneer)
    $v0                                      0x00004e7c   Number         0  trapv.o(x$fpl$trapveneer)
    x$fpl$usenofp                            0x00004efa   Section        0  usenofp.o(x$fpl$usenofp)
    .constdata                               0x00004efc   Section       24  main.o(.constdata)
    .constdata                               0x00004f14   Section       23  retarget_io.o(.constdata)
    .constdata                               0x00004f30   Section      136  pow.o(.constdata)
    bp                                       0x00004f30   Data          16  pow.o(.constdata)
    dp_h                                     0x00004f40   Data          16  pow.o(.constdata)
    dp_l                                     0x00004f50   Data          16  pow.o(.constdata)
    L                                        0x00004f60   Data          48  pow.o(.constdata)
    P                                        0x00004f90   Data          40  pow.o(.constdata)
    .constdata                               0x00004fb8   Section        8  qnan.o(.constdata)
    .constdata                               0x00004fc0   Section      148  bigflt0.o(.constdata)
    tenpwrs_x                                0x00004fc0   Data          60  bigflt0.o(.constdata)
    tenpwrs_i                                0x00004ffc   Data          64  bigflt0.o(.constdata)
    locale$$data                             0x00005074   Section       28  lc_numeric_c.o(locale$$data)
    __lcnum_c_name                           0x00005078   Data           2  lc_numeric_c.o(locale$$data)
    __lcnum_c_start                          0x00005080   Data           0  lc_numeric_c.o(locale$$data)
    __lcnum_c_point                          0x0000508c   Data           0  lc_numeric_c.o(locale$$data)
    __lcnum_c_thousands                      0x0000508e   Data           0  lc_numeric_c.o(locale$$data)
    __lcnum_c_grouping                       0x0000508f   Data           0  lc_numeric_c.o(locale$$data)
    __lcnum_c_end                            0x00005090   Data           0  lc_numeric_c.o(locale$$data)
    .data                                    0x20000000   Section     4040  main.o(.data)
    .data                                    0x20000fc8   Section        4  system_armcm4.o(.data)
    .data                                    0x20000fcc   Section        4  stdio_streams.o(.data)
    .data                                    0x20000fd0   Section        4  stdio_streams.o(.data)
    .data                                    0x20000fd4   Section        4  stdio_streams.o(.data)
    .bss                                     0x20000fd8   Section       84  stdio_streams.o(.bss)
    .bss                                     0x2000102c   Section       84  stdio_streams.o(.bss)
    .bss                                     0x20001080   Section       84  stdio_streams.o(.bss)
    .bss                                     0x200010d4   Section       96  libspace.o(.bss)
    HEAP                                     0x20001138   Section     3072  startup_armcm4.o(HEAP)
    Heap_Mem                                 0x20001138   Data        3072  startup_armcm4.o(HEAP)
    STACK                                    0x20001d38   Section     1024  startup_armcm4.o(STACK)
    Stack_Mem                                0x20001d38   Data        1024  startup_armcm4.o(STACK)
    __initial_sp                             0x20002138   Data           0  startup_armcm4.o(STACK)

    Global Symbols

    Symbol Name                              Value     Ov Type        Size  Object(Section)

    BuildAttributes$$THM_ISAv4$E$P$D$K$B$S$7EM$VFPi3$EXTD16$VFPS$VFMA$PE$A:L22UL41UL21$X:L11$S22US41US21$IEEE1$IW$USESV6$~STKCKD$USESV7$~SHL$OTIME$ROPI$IEEEX$EBA8$UX$STANDARDLIB$REQ8$PRES8$EABIv2 0x00000000   Number         0  anon$$obj.o ABSOLUTE
    __ARM_use_no_argv                        0x00000000   Number         0  main.o ABSOLUTE
    __Vectors                                0x00000000   Data           4  startup_armcm4.o(RESET)
    __ARM_exceptions_init                     - Undefined Weak Reference
    __alloca_initialize                       - Undefined Weak Reference
    __arm_preinit_                            - Undefined Weak Reference
    __cpp_initialize__aeabi_                  - Undefined Weak Reference
    __cxa_finalize                            - Undefined Weak Reference
    __sigvec_lookup                           - Undefined Weak Reference
    __user_heap_extent                        - Undefined Weak Reference
    _atexit_init                              - Undefined Weak Reference
    _call_atexit_fns                          - Undefined Weak Reference
    _clock_init                               - Undefined Weak Reference
    _fp_trap_big                              - Undefined Weak Reference
    _fp_trap_init                             - Undefined Weak Reference
    _fp_trap_shutdown                         - Undefined Weak Reference
    _get_lc_collate                           - Undefined Weak Reference
    _get_lc_ctype                             - Undefined Weak Reference
    _get_lc_monetary                          - Undefined Weak Reference
    _get_lc_time                              - Undefined Weak Reference
    _getenv_init                              - Undefined Weak Reference
    _handle_redirection                       - Undefined Weak Reference
    _mutex_acquire                            - Undefined Weak Reference
    _mutex_free                               - Undefined Weak Reference
    _mutex_release                            - Undefined Weak Reference
    _printf_post_padding                      - Undefined Weak Reference
    _printf_pre_padding                       - Undefined Weak Reference
    _printf_truncate_signed                   - Undefined Weak Reference
    _printf_truncate_unsigned                 - Undefined Weak Reference
    _rand_init                                - Undefined Weak Reference
    _signal_finish                            - Undefined Weak Reference
    _signal_init                              - Undefined Weak Reference
    __Vectors_End                            0x000000c0   Data           0  startup_armcm4.o(RESET)
    __Vectors_Size                           0x000000c0   Number         0  startup_armcm4.o ABSOLUTE
    __main                                   0x000000c1   Thumb Code     8  __main.o(!!!main)
    __scatterload                            0x000000c9   Thumb Code     0  __scatter.o(!!!scatter)
    __scatterload_rt2                        0x000000c9   Thumb Code    44  __scatter.o(!!!scatter)
    __scatterload_rt2_thumb_only             0x000000c9   Thumb Code     0  __scatter.o(!!!scatter)
    __scatterload_null                       0x000000d7   Thumb Code     0  __scatter.o(!!!scatter)
    __decompress                             0x000000fd   Thumb Code   100  __dclz77c.o(!!dclz77c)
    __decompress2                            0x000000fd   Thumb Code     0  __dclz77c.o(!!dclz77c)
    __scatterload_zeroinit                   0x00000161   Thumb Code    28  __scatter_zi.o(!!handler_zi)
    _printf_f                                0x0000017d   Thumb Code     0  _printf_f.o(.ARM.Collect$$_printf_percent$$00000003)
    _printf_percent                          0x0000017d   Thumb Code     0  _printf_percent.o(.ARM.Collect$$_printf_percent$$00000000)
    _printf_d                                0x00000183   Thumb Code     0  _printf_d.o(.ARM.Collect$$_printf_percent$$00000009)
    _printf_percent_end                      0x00000189   Thumb Code     0  _printf_percent_end.o(.ARM.Collect$$_printf_percent$$00000017)
    __rt_lib_init                            0x0000018d   Thumb Code     0  libinit.o(.ARM.Collect$$libinit$$00000000)
    __rt_lib_init_fp_1                       0x0000018f   Thumb Code     0  libinit2.o(.ARM.Collect$$libinit$$00000001)
    __rt_lib_init_heap_2                     0x00000193   Thumb Code     0  libinit2.o(.ARM.Collect$$libinit$$00000005)
    __rt_lib_init_preinit_1                  0x00000193   Thumb Code     0  libinit2.o(.ARM.Collect$$libinit$$00000004)
    __rt_lib_init_heap_1                     0x0000019b   Thumb Code     0  libinit2.o(.ARM.Collect$$libinit$$0000000A)
    __rt_lib_init_lc_common                  0x0000019b   Thumb Code     0  libinit2.o(.ARM.Collect$$libinit$$0000000F)
    __rt_lib_init_rand_1                     0x0000019b   Thumb Code     0  libinit2.o(.ARM.Collect$$libinit$$0000000E)
    __rt_lib_init_user_alloc_1               0x0000019b   Thumb Code     0  libinit2.o(.ARM.Collect$$libinit$$0000000C)
    __rt_lib_init_lc_collate_1               0x000001a1   Thumb Code     0  libinit2.o(.ARM.Collect$$libinit$$00000011)
    __rt_lib_init_lc_ctype_1                 0x000001a1   Thumb Code     0  libinit2.o(.ARM.Collect$$libinit$$00000013)
    __rt_lib_init_lc_monetary_1              0x000001a1   Thumb Code     0  libinit2.o(.ARM.Collect$$libinit$$00000015)
    __rt_lib_init_lc_numeric_2               0x000001a1   Thumb Code     0  libinit2.o(.ARM.Collect$$libinit$$00000016)
    __rt_lib_init_atexit_1                   0x000001ab   Thumb Code     0  libinit2.o(.ARM.Collect$$libinit$$0000001B)
    __rt_lib_init_clock_1                    0x000001ab   Thumb Code     0  libinit2.o(.ARM.Collect$$libinit$$00000021)
    __rt_lib_init_fp_trap_1                  0x000001ab   Thumb Code     0  libinit2.o(.ARM.Collect$$libinit$$0000001F)
    __rt_lib_init_getenv_1                   0x000001ab   Thumb Code     0  libinit2.o(.ARM.Collect$$libinit$$00000023)
    __rt_lib_init_lc_numeric_1               0x000001ab   Thumb Code     0  libinit2.o(.ARM.Collect$$libinit$$00000017)
    __rt_lib_init_lc_time_1                  0x000001ab   Thumb Code     0  libinit2.o(.ARM.Collect$$libinit$$00000019)
    __rt_lib_init_signal_1                   0x000001ab   Thumb Code     0  libinit2.o(.ARM.Collect$$libinit$$0000001D)
    __rt_lib_init_stdio_2                    0x000001ab   Thumb Code     0  libinit2.o(.ARM.Collect$$libinit$$00000024)
    __rt_lib_init_alloca_1                   0x000001af   Thumb Code     0  libinit2.o(.ARM.Collect$$libinit$$0000002E)
    __rt_lib_init_argv_1                     0x000001af   Thumb Code     0  libinit2.o(.ARM.Collect$$libinit$$0000002C)
    __rt_lib_init_cpp_1                      0x000001af   Thumb Code     0  libinit2.o(.ARM.Collect$$libinit$$00000032)
    __rt_lib_init_exceptions_1               0x000001af   Thumb Code     0  libinit2.o(.ARM.Collect$$libinit$$00000030)
    __rt_lib_init_return                     0x000001af   Thumb Code     0  libinit2.o(.ARM.Collect$$libinit$$00000033)
    __rt_lib_init_stdio_1                    0x000001af   Thumb Code     0  libinit2.o(.ARM.Collect$$libinit$$00000025)
    __rt_lib_shutdown                        0x000001b1   Thumb Code     0  libshutdown.o(.ARM.Collect$$libshutdown$$00000000)
    __rt_lib_shutdown_stdio_2                0x000001b3   Thumb Code     0  libshutdown2.o(.ARM.Collect$$libshutdown$$00000002)
    __rt_lib_shutdown_fp_trap_1              0x000001b7   Thumb Code     0  libshutdown2.o(.ARM.Collect$$libshutdown$$00000006)
    __rt_lib_shutdown_heap_1                 0x000001b7   Thumb Code     0  libshutdown2.o(.ARM.Collect$$libshutdown$$0000000E)
    __rt_lib_shutdown_return                 0x000001b7   Thumb Code     0  libshutdown2.o(.ARM.Collect$$libshutdown$$0000000F)
    __rt_lib_shutdown_signal_1               0x000001b7   Thumb Code     0  libshutdown2.o(.ARM.Collect$$libshutdown$$00000009)
    __rt_lib_shutdown_stdio_1                0x000001b7   Thumb Code     0  libshutdown2.o(.ARM.Collect$$libshutdown$$00000003)
    __rt_lib_shutdown_user_alloc_1           0x000001b7   Thumb Code     0  libshutdown2.o(.ARM.Collect$$libshutdown$$0000000B)
    __rt_entry                               0x000001b9   Thumb Code     0  __rtentry.o(.ARM.Collect$$rtentry$$00000000)
    __rt_entry_presh_1                       0x000001b9   Thumb Code     0  __rtentry2.o(.ARM.Collect$$rtentry$$00000002)
    __rt_entry_sh                            0x000001b9   Thumb Code     0  __rtentry4.o(.ARM.Collect$$rtentry$$00000004)
    __rt_entry_li                            0x000001bf   Thumb Code     0  __rtentry2.o(.ARM.Collect$$rtentry$$0000000A)
    __rt_entry_postsh_1                      0x000001bf   Thumb Code     0  __rtentry2.o(.ARM.Collect$$rtentry$$00000009)
    __rt_entry_main                          0x000001c3   Thumb Code     0  __rtentry2.o(.ARM.Collect$$rtentry$$0000000D)
    __rt_entry_postli_1                      0x000001c3   Thumb Code     0  __rtentry2.o(.ARM.Collect$$rtentry$$0000000C)
    __rt_exit                                0x000001cb   Thumb Code     0  rtexit.o(.ARM.Collect$$rtexit$$00000000)
    __rt_exit_ls                             0x000001cd   Thumb Code     0  rtexit2.o(.ARM.Collect$$rtexit$$00000003)
    __rt_exit_prels_1                        0x000001cd   Thumb Code     0  rtexit2.o(.ARM.Collect$$rtexit$$00000002)
    __rt_exit_exit                           0x000001d1   Thumb Code     0  rtexit2.o(.ARM.Collect$$rtexit$$00000004)
    Reset_Handler                            0x000001d9   Thumb Code     8  startup_armcm4.o(.text)
    _maybe_terminate_alloc                   0x000001d9   Thumb Code     0  maybetermalloc1.o(.emb_text)
    NMI_Handler                              0x000001e1   Thumb Code     2  startup_armcm4.o(.text)
    HardFault_Handler                        0x000001e3   Thumb Code     2  startup_armcm4.o(.text)
    MemManage_Handler                        0x000001e5   Thumb Code     2  startup_armcm4.o(.text)
    BusFault_Handler                         0x000001e7   Thumb Code     2  startup_armcm4.o(.text)
    UsageFault_Handler                       0x000001e9   Thumb Code     2  startup_armcm4.o(.text)
    SVC_Handler                              0x000001eb   Thumb Code     2  startup_armcm4.o(.text)
    DebugMon_Handler                         0x000001ed   Thumb Code     2  startup_armcm4.o(.text)
    PendSV_Handler                           0x000001ef   Thumb Code     2  startup_armcm4.o(.text)
    SysTick_Handler                          0x000001f1   Thumb Code     2  startup_armcm4.o(.text)
    AACI_IRQHandler                          0x000001f3   Thumb Code     0  startup_armcm4.o(.text)
    CAN_IRQHandler                           0x000001f3   Thumb Code     0  startup_armcm4.o(.text)
    CHLCD_IRQHandler                         0x000001f3   Thumb Code     0  startup_armcm4.o(.text)
    CLCD_IRQHandler                          0x000001f3   Thumb Code     0  startup_armcm4.o(.text)
    CPU_CLCD_IRQHandler                      0x000001f3   Thumb Code     0  startup_armcm4.o(.text)
    ENET_IRQHandler                          0x000001f3   Thumb Code     0  startup_armcm4.o(.text)
    FLEXRAY_IRQHandler                       0x000001f3   Thumb Code     0  startup_armcm4.o(.text)
    I2C_IRQHandler                           0x000001f3   Thumb Code     0  startup_armcm4.o(.text)
    LIN_IRQHandler                           0x000001f3   Thumb Code     0  startup_armcm4.o(.text)
    MCIA_IRQHandler                          0x000001f3   Thumb Code     0  startup_armcm4.o(.text)
    MCIB_IRQHandler                          0x000001f3   Thumb Code     0  startup_armcm4.o(.text)
    RTC_IRQHandler                           0x000001f3   Thumb Code     0  startup_armcm4.o(.text)
    SPI_IRQHandler                           0x000001f3   Thumb Code     0  startup_armcm4.o(.text)
    TIM0_IRQHandler                          0x000001f3   Thumb Code     0  startup_armcm4.o(.text)
    TIM2_IRQHandler                          0x000001f3   Thumb Code     0  startup_armcm4.o(.text)
    UART0_IRQHandler                         0x000001f3   Thumb Code     0  startup_armcm4.o(.text)
    UART1_IRQHandler                         0x000001f3   Thumb Code     0  startup_armcm4.o(.text)
    UART2_IRQHandler                         0x000001f3   Thumb Code     0  startup_armcm4.o(.text)
    UART3_IRQHandler                         0x000001f3   Thumb Code     0  startup_armcm4.o(.text)
    UART4_IRQHandler                         0x000001f3   Thumb Code     0  startup_armcm4.o(.text)
    USBDC_IRQHandler                         0x000001f3   Thumb Code     0  startup_armcm4.o(.text)
    USBHC_IRQHandler                         0x000001f3   Thumb Code     0  startup_armcm4.o(.text)
    WDT_IRQHandler                           0x000001f3   Thumb Code     0  startup_armcm4.o(.text)
    __user_initial_stackheap                 0x000001f5   Thumb Code    10  startup_armcm4.o(.text)
    arm_add_f32                              0x00000219   Thumb Code   210  arm_add_f32.o(.text)
    arm_mult_f32                             0x000002ed   Thumb Code   210  arm_mult_f32.o(.text)
    arm_max_f32                              0x000003c1   Thumb Code   216  arm_max_f32.o(.text)
    __2printf                                0x00000499   Thumb Code    20  noretval__2printf.o(.text)
    __printf                                 0x000004b1   Thumb Code   104  __printf.o(.text)
    _printf_int_dec                          0x00000519   Thumb Code   104  _printf_dec.o(.text)
    strcmp                                   0x00000591   Thumb Code   128  strcmpv7m.o(.text)
    __use_two_region_memory                  0x00000611   Thumb Code     2  heapauxi.o(.text)
    __rt_heap_escrow                         0x00000613   Thumb Code     2  heapauxi.o(.text)
    __rt_heap_expand                         0x00000615   Thumb Code     2  heapauxi.o(.text)
    __read_errno                             0x00000617   Thumb Code    10  _rserrno.o(.text)
    __set_errno                              0x00000621   Thumb Code    12  _rserrno.o(.text)
    _printf_int_common                       0x0000062d   Thumb Code   178  _printf_intcommon.o(.text)
    __lib_sel_fp_printf                      0x000006df   Thumb Code     2  _printf_fp_dec.o(.text)
    _printf_fp_dec_real                      0x0000088d   Thumb Code   620  _printf_fp_dec.o(.text)
    _printf_char_file                        0x00000af9   Thumb Code    32  _printf_char_file.o(.text)
    __rt_locale                              0x00000b1d   Thumb Code     8  rt_locale_intlibspace.o(.text)
    __aeabi_errno_addr                       0x00000b25   Thumb Code     8  rt_errno_addr_intlibspace.o(.text)
    __errno$intlibspace                      0x00000b25   Thumb Code     0  rt_errno_addr_intlibspace.o(.text)
    __rt_errno_addr$intlibspace              0x00000b25   Thumb Code     0  rt_errno_addr_intlibspace.o(.text)
    _ll_udiv10                               0x00000b2d   Thumb Code   138  lludiv10.o(.text)
    _fp_trap                                 0x00000bb9   Thumb Code    44  _fptrap.o(.text)
    _printf_char_common                      0x00000bf3   Thumb Code    32  _printf_char_common.o(.text)
    _printf_fp_infnan                        0x00000c19   Thumb Code   112  _printf_fp_infnan.o(.text)
    _btod_etento                             0x00000c99   Thumb Code   216  bigflt0.o(.text)
    ferror                                   0x00000d75   Thumb Code     8  ferror.o(.text)
    _initio                                  0x00000d7d   Thumb Code   210  initio.o(.text)
    _terminateio                             0x00000e4f   Thumb Code    56  initio.o(.text)
    __user_libspace                          0x00000eb5   Thumb Code     8  libspace.o(.text)
    __user_perproc_libspace                  0x00000eb5   Thumb Code     0  libspace.o(.text)
    __user_perthread_libspace                0x00000eb5   Thumb Code     0  libspace.o(.text)
    __user_setup_stackheap                   0x00000ebd   Thumb Code    74  sys_stackheap_outer.o(.text)
    free                                     0x00000f07   Thumb Code    78  h1_free.o(.text)
    __flsbuf                                 0x00000f55   Thumb Code   470  flsbuf.o(.text)
    __flsbuf_byte                            0x00000f55   Thumb Code     0  flsbuf.o(.text)
    __flsbuf_wide                            0x00000f55   Thumb Code     0  flsbuf.o(.text)
    setvbuf                                  0x0000112b   Thumb Code    70  setvbuf.o(.text)
    freopen                                  0x00001171   Thumb Code   158  fopen.o(.text)
    fopen                                    0x0000120f   Thumb Code    74  fopen.o(.text)
    _fclose_internal                         0x0000125d   Thumb Code    76  fclose.o(.text)
    fclose                                   0x0000125d   Thumb Code     0  fclose.o(.text)
    exit                                     0x000012a9   Thumb Code    12  exit.o(.text)
    __rt_SIGFPE                              0x000012b5   Thumb Code    14  defsig_fpe_outer.o(.text)
    __rt_SIGRTRED                            0x000012c3   Thumb Code    14  defsig_rtred_outer.o(.text)
    __aeabi_memclr4                          0x000012d1   Thumb Code     0  rt_memclr_w.o(.text)
    __aeabi_memclr8                          0x000012d1   Thumb Code     0  rt_memclr_w.o(.text)
    __rt_memclr_w                            0x000012d1   Thumb Code    78  rt_memclr_w.o(.text)
    _memset_w                                0x000012d5   Thumb Code     0  rt_memclr_w.o(.text)
    __rt_heap_descriptor                     0x00001321   Thumb Code     8  rt_heap_descriptor_intlibspace.o(.text)
    __use_no_heap                            0x00001329   Thumb Code     2  hguard.o(.text)
    __heap$guard                             0x0000132b   Thumb Code     2  hguard.o(.text)
    _terminate_user_alloc                    0x0000132d   Thumb Code     2  init_alloc.o(.text)
    _init_user_alloc                         0x0000132f   Thumb Code     2  init_alloc.o(.text)
    __Heap_Full                              0x00001331   Thumb Code    34  init_alloc.o(.text)
    __Heap_Broken                            0x00001353   Thumb Code     6  init_alloc.o(.text)
    _init_alloc                              0x00001359   Thumb Code    94  init_alloc.o(.text)
    malloc                                   0x000013b7   Thumb Code    94  h1_alloc.o(.text)
    _fseek                                   0x00001415   Thumb Code   242  fseek.o(.text)
    fseek                                    0x00001415   Thumb Code     0  fseek.o(.text)
    _seterr                                  0x0000150d   Thumb Code    20  stdio.o(.text)
    _writebuf                                0x00001521   Thumb Code    84  stdio.o(.text)
    _fflush                                  0x00001575   Thumb Code    70  stdio.o(.text)
    _deferredlazyseek                        0x000015bb   Thumb Code    60  stdio.o(.text)
    __sig_exit                               0x000015fd   Thumb Code    10  defsig_exit.o(.text)
    __rt_SIGFPE_inner                        0x00001609   Thumb Code    62  defsig_fpe_inner.o(.text)
    __rt_SIGRTRED_inner                      0x000016b5   Thumb Code    14  defsig_rtred_inner.o(.text)
    _sys_exit                                0x000016e9   Thumb Code     8  sys_exit.o(.text)
    __Heap_Initialize                        0x000016f5   Thumb Code    10  h1_init.o(.text)
    __Heap_DescSize                          0x000016ff   Thumb Code     4  h1_init.o(.text)
    __Heap_ProvideMemory                     0x00001703   Thumb Code    52  h1_extend.o(.text)
    _ftell_internal                          0x00001737   Thumb Code    66  ftell.o(.text)
    ftell                                    0x00001737   Thumb Code     0  ftell.o(.text)
    __default_signal_display                 0x00001779   Thumb Code    50  defsig_general.o(.text)
    __rt_SIGRTMEM                            0x000017ab   Thumb Code    14  defsig_rtmem_outer.o(.text)
    _ttywrch                                 0x000017b9   Thumb Code    14  sys_wrch.o(.text)
    __I$use$semihosting                      0x000017c7   Thumb Code     0  use_no_semi.o(.text)
    __use_no_semihosting_swi                 0x000017c7   Thumb Code     2  use_no_semi.o(.text)
    __rt_SIGRTMEM_inner                      0x000017c9   Thumb Code    22  defsig_rtmem_inner.o(.text)
    __semihosting_library_function           0x000017c9   Thumb Code     0  indicate_semi.o(.text)
    _btod_d2e                                0x00001819   Thumb Code    62  btod.o(CL$$btod_d2e)
    _d2e_denorm_low                          0x00001857   Thumb Code    70  btod.o(CL$$btod_d2e_denorm_low)
    _d2e_norm_op1                            0x0000189d   Thumb Code    96  btod.o(CL$$btod_d2e_norm_op1)
    __btod_div_common                        0x000018fd   Thumb Code   696  btod.o(CL$$btod_div_common)
    _e2e                                     0x00001c35   Thumb Code   198  btod.o(CL$$btod_e2e)
    _btod_ediv                               0x00001cfb   Thumb Code    40  btod.o(CL$$btod_ediv)
    _btod_emul                               0x00001d23   Thumb Code    40  btod.o(CL$$btod_emul)
    __btod_mult_common                       0x00001d4b   Thumb Code   580  btod.o(CL$$btod_mult_common)
    ITM_SendChar                             0x00001f91   Thumb Code    42  retarget_io.o(i.ITM_SendChar)
    SystemInit                               0x00001fc1   Thumb Code    30  system_armcm4.o(i.SystemInit)
    __ARM_fpclassify                         0x00001ff1   Thumb Code    48  fpclassify.o(i.__ARM_fpclassify)
    __hardfp_pow                             0x00002021   Thumb Code  3044  pow.o(i.__hardfp_pow)
    __kernel_poly                            0x00002c59   Thumb Code   248  poly.o(i.__kernel_poly)
    __mathlib_dbl_divzero                    0x00002d51   Thumb Code    28  dunder.o(i.__mathlib_dbl_divzero)
    __mathlib_dbl_infnan2                    0x00002d81   Thumb Code    20  dunder.o(i.__mathlib_dbl_infnan2)
    __mathlib_dbl_invalid                    0x00002d99   Thumb Code    24  dunder.o(i.__mathlib_dbl_invalid)
    __mathlib_dbl_overflow                   0x00002db9   Thumb Code    24  dunder.o(i.__mathlib_dbl_overflow)
    __mathlib_dbl_underflow                  0x00002dd9   Thumb Code    24  dunder.o(i.__mathlib_dbl_underflow)
    _sys_close                               0x00002df9   Thumb Code    38  retarget_io.o(i._sys_close)
    _sys_flen                                0x00002e1f   Thumb Code    36  retarget_io.o(i._sys_flen)
    _sys_istty                               0x00002e43   Thumb Code    36  retarget_io.o(i._sys_istty)
    _sys_open                                0x00002e69   Thumb Code    80  retarget_io.o(i._sys_open)
    _sys_seek                                0x00002ed1   Thumb Code    44  retarget_io.o(i._sys_seek)
    _sys_write                               0x00002efd   Thumb Code    70  retarget_io.o(i._sys_write)
    dp_c                                     0x00002f45   Thumb Code    52  main.o(i.dp_c)
    dp_cmsis                                 0x00002f7d   Thumb Code    60  main.o(i.dp_cmsis)
    fabs                                     0x00002fb9   Thumb Code    24  fabs.o(i.fabs)
    fputc                                    0x00002fd1   Thumb Code    26  fputc.o(i.fputc)
    main                                     0x00002fed   Thumb Code   466  main.o(i.main)
    sqrt                                     0x0000328d   Thumb Code   110  sqrt_full.o(i.sqrt)
    variance_c                               0x00003309   Thumb Code   202  main.o(i.variance_c)
    _get_lc_numeric                          0x000033e1   Thumb Code    44  lc_numeric_c.o(locale$$code)
    asm_max                                  0x0000340d   Thumb Code     0  asm_max.o(test)
    __aeabi_dneg                             0x0000343f   Thumb Code     0  basic.o(x$fpl$basic)
    _dneg                                    0x0000343f   Thumb Code     6  basic.o(x$fpl$basic)
    __aeabi_fneg                             0x00003445   Thumb Code     0  basic.o(x$fpl$basic)
    _fneg                                    0x00003445   Thumb Code     6  basic.o(x$fpl$basic)
    _dabs                                    0x0000344b   Thumb Code     6  basic.o(x$fpl$basic)
    _fabs                                    0x00003451   Thumb Code     6  basic.o(x$fpl$basic)
    __aeabi_d2f                              0x00003459   Thumb Code     0  d2f_clz.o(x$fpl$d2f)
    _d2f                                     0x00003459   Thumb Code   700  d2f_clz.o(x$fpl$d2f)
    __aeabi_dadd                             0x0000371d   Thumb Code     0  daddsub_clz.o(x$fpl$dadd)
    _dadd                                    0x0000371d   Thumb Code   580  daddsub_clz.o(x$fpl$dadd)
    __fpl_dcheck_NaN1                        0x00003969   Thumb Code    28  dcheck1.o(x$fpl$dcheck1)
    __fpl_dcmp_Inf                           0x00003985   Thumb Code    24  dcmpi.o(x$fpl$dcmpinf)
    __aeabi_ddiv                             0x0000399d   Thumb Code     0  ddiv_clz.o(x$fpl$ddiv)
    _ddiv                                    0x0000399d   Thumb Code   748  ddiv_clz.o(x$fpl$ddiv)
    __aeabi_i2d                              0x00003d19   Thumb Code     0  dflt_clz.o(x$fpl$dflt)
    _dflt                                    0x00003d19   Thumb Code    46  dflt_clz.o(x$fpl$dflt)
    __dflt_normalise                         0x00003d47   Thumb Code    26  dflt_clz.o(x$fpl$dfltn)
    __aeabi_cdcmple                          0x00003d61   Thumb Code     0  dleqf.o(x$fpl$dleqf)
    _dcmple                                  0x00003d61   Thumb Code   120  dleqf.o(x$fpl$dleqf)
    __fpl_dcmple_InfNaN                      0x00003db9   Thumb Code     0  dleqf.o(x$fpl$dleqf)
    __aeabi_dmul                             0x00003dd9   Thumb Code     0  dmul_clz.o(x$fpl$dmul)
    _dmul                                    0x00003dd9   Thumb Code   440  dmul_clz.o(x$fpl$dmul)
    __fpl_dnaninf                            0x00003f99   Thumb Code   258  dnaninf.o(x$fpl$dnaninf)
    __fpl_drenorm2                           0x0000409b   Thumb Code   106  drenorm_clz.o(x$fpl$drenorm)
    __fpl_drenorm1                           0x00004105   Thumb Code     6  drenorm_clz.o(x$fpl$drenorm)
    __fpl_dretinf                            0x0000410b   Thumb Code    12  dretinf.o(x$fpl$dretinf)
    __aeabi_cdrcmple                         0x00004117   Thumb Code     0  drleqf.o(x$fpl$drleqf)
    _drcmple                                 0x00004117   Thumb Code    98  drleqf.o(x$fpl$drleqf)
    __aeabi_drsub                            0x00004179   Thumb Code     0  daddsub_clz.o(x$fpl$drsb)
    _drsb                                    0x00004179   Thumb Code    74  daddsub_clz.o(x$fpl$drsb)
    _dsqrt                                   0x000041c9   Thumb Code   520  dsqrt_umaalclz.o(x$fpl$dsqrt)
    __aeabi_dsub                             0x000043d1   Thumb Code     0  daddsub_clz.o(x$fpl$dsub)
    _dsub                                    0x000043d1   Thumb Code   664  daddsub_clz.o(x$fpl$dsub)
    __dunder                                 0x0000466d   Thumb Code   314  dunder_clz.o(x$fpl$dunder)
    __dunder_d                               0x000047a7   Thumb Code    64  dunder_clz.o(x$fpl$dunder)
    __fpl_exception                          0x000047e9   Thumb Code   454  except.o(x$fpl$exception)
    __aeabi_f2d                              0x000049d5   Thumb Code     0  f2d.o(x$fpl$f2d)
    _f2d                                     0x000049d5   Thumb Code   122  f2d.o(x$fpl$f2d)
    __fpl_fnaninf                            0x00004a4f   Thumb Code   242  fnaninf.o(x$fpl$fnaninf)
    _fp_init                                 0x00004b41   Thumb Code    10  fpinit.o(x$fpl$fpinit)
    __fplib_config_fpu_vfp                   0x00004b49   Thumb Code     0  fpinit.o(x$fpl$fpinit)
    __fplib_config_pureend_doubles           0x00004b49   Thumb Code     0  fpinit.o(x$fpl$fpinit)
    __fpl_fretinf                            0x00004b4b   Thumb Code    10  fretinf.o(x$fpl$fretinf)
    __funder                                 0x00004b55   Thumb Code   254  funder_clz.o(x$fpl$funder)
    __funder_d                               0x00004c53   Thumb Code    62  funder_clz.o(x$fpl$funder)
    __ieee_status                            0x00004c91   Thumb Code    28  istatus.o(x$fpl$ieeestatus)
    _printf_fp_dec                           0x00004cb1   Thumb Code     4  printf1.o(x$fpl$printf1)
    __fpl_return_NaN                         0x00004cb5   Thumb Code   178  retnan.o(x$fpl$retnan)
    __ARM_scalbn                             0x00004d69   Thumb Code   270  scalbn_clz.o(x$fpl$scalbn)
    _fp_trapveneer                           0x00004e7d   Thumb Code    36  trapv.o(x$fpl$trapveneer)
    __fpl_cmpreturn                          0x00004ea1   Thumb Code    90  trapv.o(x$fpl$trapveneer)
    __I$use$fp                               0x00004efa   Number         0  usenofp.o(x$fpl$usenofp)
    __stdin_name                             0x00004f14   Data           7  retarget_io.o(.constdata)
    __stdout_name                            0x00004f1b   Data           8  retarget_io.o(.constdata)
    __stderr_name                            0x00004f23   Data           8  retarget_io.o(.constdata)
    __mathlib_zero                           0x00004fb8   Data           8  qnan.o(.constdata)
    Region$$Table$$Base                      0x00005054   Number         0  anon$$obj.o(Region$$Table)
    Region$$Table$$Limit                     0x00005074   Number         0  anon$$obj.o(Region$$Table)
    f10_array                                0x20000000   Data          40  main.o(.data)
    f1000_array                              0x20000028   Data        4000  main.o(.data)
    SystemCoreClock                          0x20000fc8   Data           4  system_armcm4.o(.data)
    __aeabi_stdin                            0x20000fcc   Data           4  stdio_streams.o(.data)
    __aeabi_stdout                           0x20000fd0   Data           4  stdio_streams.o(.data)
    __aeabi_stderr                           0x20000fd4   Data           4  stdio_streams.o(.data)
    __stdin                                  0x20000fd8   Data          84  stdio_streams.o(.bss)
    __stdout                                 0x2000102c   Data          84  stdio_streams.o(.bss)
    __stderr                                 0x20001080   Data          84  stdio_streams.o(.bss)
    __libspace_start                         0x200010d4   Data          96  libspace.o(.bss)
    __temporary_stack_top$libspace           0x20001134   Data           0  libspace.o(.bss)



==============================================================================

Memory Map of the image

  Image Entry point : 0x000001d9

  Load Region LR_1 (Base: 0x00000000, Size: 0x00006068, Max: 0xffffffff, ABSOLUTE, COMPRESSED[0x00005ec0])

    Execution Region ER_RO (Base: 0x00000000, Size: 0x00005090, Max: 0xffffffff, ABSOLUTE)

    Base Addr    Size         Type   Attr      Idx    E Section Name        Object

    0x00000000   0x000000c0   Data   RO          181    RESET               startup_armcm4.o
    0x000000c0   0x00000008   Code   RO          364  * !!!main             c_w.l(__main.o)
    0x000000c8   0x00000034   Code   RO          868    !!!scatter          c_w.l(__scatter.o)
    0x000000fc   0x00000064   Code   RO          866    !!dclz77c           c_w.l(__dclz77c.o)
    0x00000160   0x0000001c   Code   RO          870    !!handler_zi        c_w.l(__scatter_zi.o)
    0x0000017c   0x00000000   Code   RO          359    .ARM.Collect$$_printf_percent$$00000000  c_w.l(_printf_percent.o)
    0x0000017c   0x00000006   Code   RO          358    .ARM.Collect$$_printf_percent$$00000003  c_w.l(_printf_f.o)
    0x00000182   0x00000006   Code   RO          357    .ARM.Collect$$_printf_percent$$00000009  c_w.l(_printf_d.o)
    0x00000188   0x00000004   Code   RO          401    .ARM.Collect$$_printf_percent$$00000017  c_w.l(_printf_percent_end.o)
    0x0000018c   0x00000002   Code   RO          662    .ARM.Collect$$libinit$$00000000  c_w.l(libinit.o)
    0x0000018e   0x00000004   Code   RO          663    .ARM.Collect$$libinit$$00000001  c_w.l(libinit2.o)
    0x00000192   0x00000000   Code   RO          666    .ARM.Collect$$libinit$$00000004  c_w.l(libinit2.o)
    0x00000192   0x00000008   Code   RO          667    .ARM.Collect$$libinit$$00000005  c_w.l(libinit2.o)
    0x0000019a   0x00000000   Code   RO          669    .ARM.Collect$$libinit$$0000000A  c_w.l(libinit2.o)
    0x0000019a   0x00000000   Code   RO          671    .ARM.Collect$$libinit$$0000000C  c_w.l(libinit2.o)
    0x0000019a   0x00000000   Code   RO          673    .ARM.Collect$$libinit$$0000000E  c_w.l(libinit2.o)
    0x0000019a   0x00000006   Code   RO          674    .ARM.Collect$$libinit$$0000000F  c_w.l(libinit2.o)
    0x000001a0   0x00000000   Code   RO          676    .ARM.Collect$$libinit$$00000011  c_w.l(libinit2.o)
    0x000001a0   0x00000000   Code   RO          678    .ARM.Collect$$libinit$$00000013  c_w.l(libinit2.o)
    0x000001a0   0x00000000   Code   RO          680    .ARM.Collect$$libinit$$00000015  c_w.l(libinit2.o)
    0x000001a0   0x0000000a   Code   RO          681    .ARM.Collect$$libinit$$00000016  c_w.l(libinit2.o)
    0x000001aa   0x00000000   Code   RO          682    .ARM.Collect$$libinit$$00000017  c_w.l(libinit2.o)
    0x000001aa   0x00000000   Code   RO          684    .ARM.Collect$$libinit$$00000019  c_w.l(libinit2.o)
    0x000001aa   0x00000000   Code   RO          686    .ARM.Collect$$libinit$$0000001B  c_w.l(libinit2.o)
    0x000001aa   0x00000000   Code   RO          688    .ARM.Collect$$libinit$$0000001D  c_w.l(libinit2.o)
    0x000001aa   0x00000000   Code   RO          690    .ARM.Collect$$libinit$$0000001F  c_w.l(libinit2.o)
    0x000001aa   0x00000000   Code   RO          692    .ARM.Collect$$libinit$$00000021  c_w.l(libinit2.o)
    0x000001aa   0x00000000   Code   RO          694    .ARM.Collect$$libinit$$00000023  c_w.l(libinit2.o)
    0x000001aa   0x00000004   Code   RO          695    .ARM.Collect$$libinit$$00000024  c_w.l(libinit2.o)
    0x000001ae   0x00000000   Code   RO          696    .ARM.Collect$$libinit$$00000025  c_w.l(libinit2.o)
    0x000001ae   0x00000000   Code   RO          700    .ARM.Collect$$libinit$$0000002C  c_w.l(libinit2.o)
    0x000001ae   0x00000000   Code   RO          702    .ARM.Collect$$libinit$$0000002E  c_w.l(libinit2.o)
    0x000001ae   0x00000000   Code   RO          704    .ARM.Collect$$libinit$$00000030  c_w.l(libinit2.o)
    0x000001ae   0x00000000   Code   RO          706    .ARM.Collect$$libinit$$00000032  c_w.l(libinit2.o)
    0x000001ae   0x00000002   Code   RO          707    .ARM.Collect$$libinit$$00000033  c_w.l(libinit2.o)
    0x000001b0   0x00000002   Code   RO          847    .ARM.Collect$$libshutdown$$00000000  c_w.l(libshutdown.o)
    0x000001b2   0x00000004   Code   RO          709    .ARM.Collect$$libshutdown$$00000002  c_w.l(libshutdown2.o)
    0x000001b6   0x00000000   Code   RO          710    .ARM.Collect$$libshutdown$$00000003  c_w.l(libshutdown2.o)
    0x000001b6   0x00000000   Code   RO          713    .ARM.Collect$$libshutdown$$00000006  c_w.l(libshutdown2.o)
    0x000001b6   0x00000000   Code   RO          716    .ARM.Collect$$libshutdown$$00000009  c_w.l(libshutdown2.o)
    0x000001b6   0x00000000   Code   RO          718    .ARM.Collect$$libshutdown$$0000000B  c_w.l(libshutdown2.o)
    0x000001b6   0x00000000   Code   RO          721    .ARM.Collect$$libshutdown$$0000000E  c_w.l(libshutdown2.o)
    0x000001b6   0x00000002   Code   RO          722    .ARM.Collect$$libshutdown$$0000000F  c_w.l(libshutdown2.o)
    0x000001b8   0x00000000   Code   RO          392    .ARM.Collect$$rtentry$$00000000  c_w.l(__rtentry.o)
    0x000001b8   0x00000000   Code   RO          481    .ARM.Collect$$rtentry$$00000002  c_w.l(__rtentry2.o)
    0x000001b8   0x00000006   Code   RO          493    .ARM.Collect$$rtentry$$00000004  c_w.l(__rtentry4.o)
    0x000001be   0x00000000   Code   RO          483    .ARM.Collect$$rtentry$$00000009  c_w.l(__rtentry2.o)
    0x000001be   0x00000004   Code   RO          484    .ARM.Collect$$rtentry$$0000000A  c_w.l(__rtentry2.o)
    0x000001c2   0x00000000   Code   RO          486    .ARM.Collect$$rtentry$$0000000C  c_w.l(__rtentry2.o)
    0x000001c2   0x00000008   Code   RO          487    .ARM.Collect$$rtentry$$0000000D  c_w.l(__rtentry2.o)
    0x000001ca   0x00000002   Code   RO          727    .ARM.Collect$$rtexit$$00000000  c_w.l(rtexit.o)
    0x000001cc   0x00000000   Code   RO          785    .ARM.Collect$$rtexit$$00000002  c_w.l(rtexit2.o)
    0x000001cc   0x00000004   Code   RO          786    .ARM.Collect$$rtexit$$00000003  c_w.l(rtexit2.o)
    0x000001d0   0x00000006   Code   RO          787    .ARM.Collect$$rtexit$$00000004  c_w.l(rtexit2.o)
    0x000001d6   0x00000002   PAD
    0x000001d8   0x00000000   Code   RO          791    .emb_text           c_w.l(maybetermalloc1.o)
    0x000001d8   0x00000040   Code   RO          182  * .text               startup_armcm4.o
    0x00000218   0x000000d2   Code   RO          236    .text               arm_cortexM4lf_math.lib(arm_add_f32.o)
    0x000002ea   0x00000002   PAD
    0x000002ec   0x000000d2   Code   RO          282    .text               arm_cortexM4lf_math.lib(arm_mult_f32.o)
    0x000003be   0x00000002   PAD
    0x000003c0   0x000000d8   Code   RO          306    .text               arm_cortexM4lf_math.lib(arm_max_f32.o)
    0x00000498   0x00000018   Code   RO          331    .text               c_w.l(noretval__2printf.o)
    0x000004b0   0x00000068   Code   RO          333    .text               c_w.l(__printf.o)
    0x00000518   0x00000078   Code   RO          335    .text               c_w.l(_printf_dec.o)
    0x00000590   0x00000080   Code   RO          360    .text               c_w.l(strcmpv7m.o)
    0x00000610   0x00000006   Code   RO          362    .text               c_w.l(heapauxi.o)
    0x00000616   0x00000016   Code   RO          393    .text               c_w.l(_rserrno.o)
    0x0000062c   0x000000b2   Code   RO          395    .text               c_w.l(_printf_intcommon.o)
    0x000006de   0x0000041a   Code   RO          397    .text               c_w.l(_printf_fp_dec.o)
    0x00000af8   0x00000024   Code   RO          399    .text               c_w.l(_printf_char_file.o)
    0x00000b1c   0x00000008   Code   RO          498    .text               c_w.l(rt_locale_intlibspace.o)
    0x00000b24   0x00000008   Code   RO          503    .text               c_w.l(rt_errno_addr_intlibspace.o)
    0x00000b2c   0x0000008a   Code   RO          505    .text               c_w.l(lludiv10.o)
    0x00000bb6   0x00000002   PAD
    0x00000bb8   0x00000030   Code   RO          507    .text               c_w.l(_fptrap.o)
    0x00000be8   0x00000030   Code   RO          509    .text               c_w.l(_printf_char_common.o)
    0x00000c18   0x00000080   Code   RO          511    .text               c_w.l(_printf_fp_infnan.o)
    0x00000c98   0x000000dc   Code   RO          513    .text               c_w.l(bigflt0.o)
    0x00000d74   0x00000008   Code   RO          538    .text               c_w.l(ferror.o)
    0x00000d7c   0x00000138   Code   RO          544    .text               c_w.l(initio.o)
    0x00000eb4   0x00000008   Code   RO          567    .text               c_w.l(libspace.o)
    0x00000ebc   0x0000004a   Code   RO          572    .text               c_w.l(sys_stackheap_outer.o)
    0x00000f06   0x0000004e   Code   RO          576    .text               c_w.l(h1_free.o)
    0x00000f54   0x000001d6   Code   RO          632    .text               c_w.l(flsbuf.o)
    0x0000112a   0x00000046   Code   RO          634    .text               c_w.l(setvbuf.o)
    0x00001170   0x000000ec   Code   RO          637    .text               c_w.l(fopen.o)
    0x0000125c   0x0000004c   Code   RO          639    .text               c_w.l(fclose.o)
    0x000012a8   0x0000000c   Code   RO          645    .text               c_w.l(exit.o)
    0x000012b4   0x0000000e   Code   RO          647    .text               c_w.l(defsig_fpe_outer.o)
    0x000012c2   0x0000000e   Code   RO          651    .text               c_w.l(defsig_rtred_outer.o)
    0x000012d0   0x0000004e   Code   RO          655    .text               c_w.l(rt_memclr_w.o)
    0x0000131e   0x00000002   PAD
    0x00001320   0x00000008   Code   RO          734    .text               c_w.l(rt_heap_descriptor_intlibspace.o)
    0x00001328   0x00000004   Code   RO          736    .text               c_w.l(hguard.o)
    0x0000132c   0x0000008a   Code   RO          738    .text               c_w.l(init_alloc.o)
    0x000013b6   0x0000005e   Code   RO          744    .text               c_w.l(h1_alloc.o)
    0x00001414   0x000000f8   Code   RO          760    .text               c_w.l(fseek.o)
    0x0000150c   0x000000f0   Code   RO          762    .text               c_w.l(stdio.o)
    0x000015fc   0x0000000a   Code   RO          768    .text               c_w.l(defsig_exit.o)
    0x00001606   0x00000002   PAD
    0x00001608   0x000000ac   Code   RO          770    .text               c_w.l(defsig_fpe_inner.o)
    0x000016b4   0x00000034   Code   RO          772    .text               c_w.l(defsig_rtred_inner.o)
    0x000016e8   0x0000000c   Code   RO          782    .text               c_w.l(sys_exit.o)
    0x000016f4   0x0000000e   Code   RO          793    .text               c_w.l(h1_init.o)
    0x00001702   0x00000034   Code   RO          795    .text               c_w.l(h1_extend.o)
    0x00001736   0x00000042   Code   RO          805    .text               c_w.l(ftell.o)
    0x00001778   0x00000032   Code   RO          813    .text               c_w.l(defsig_general.o)
    0x000017aa   0x0000000e   Code   RO          815    .text               c_w.l(defsig_rtmem_outer.o)
    0x000017b8   0x0000000e   Code   RO          830    .text               c_w.l(sys_wrch.o)
    0x000017c6   0x00000002   Code   RO          834    .text               c_w.l(use_no_semi.o)
    0x000017c8   0x00000000   Code   RO          836    .text               c_w.l(indicate_semi.o)
    0x000017c8   0x00000050   Code   RO          841    .text               c_w.l(defsig_rtmem_inner.o)
    0x00001818   0x0000003e   Code   RO          516    CL$$btod_d2e        c_w.l(btod.o)
    0x00001856   0x00000046   Code   RO          518    CL$$btod_d2e_denorm_low  c_w.l(btod.o)
    0x0000189c   0x00000060   Code   RO          517    CL$$btod_d2e_norm_op1  c_w.l(btod.o)
    0x000018fc   0x00000338   Code   RO          526    CL$$btod_div_common  c_w.l(btod.o)
    0x00001c34   0x000000c6   Code   RO          523    CL$$btod_e2e        c_w.l(btod.o)
    0x00001cfa   0x00000028   Code   RO          520    CL$$btod_ediv       c_w.l(btod.o)
    0x00001d22   0x00000028   Code   RO          519    CL$$btod_emul       c_w.l(btod.o)
    0x00001d4a   0x00000244   Code   RO          525    CL$$btod_mult_common  c_w.l(btod.o)
    0x00001f8e   0x00000002   PAD
    0x00001f90   0x00000030   Code   RO           92    i.ITM_SendChar      retarget_io.o
    0x00001fc0   0x00000030   Code   RO          190    i.SystemInit        system_armcm4.o
    0x00001ff0   0x00000030   Code   RO          463    i.__ARM_fpclassify  m_wm.l(fpclassify.o)
    0x00002020   0x00000c38   Code   RO          378    i.__hardfp_pow      m_wm.l(pow.o)
    0x00002c58   0x000000f8   Code   RO          465    i.__kernel_poly     m_wm.l(poly.o)
    0x00002d50   0x00000030   Code   RO          443    i.__mathlib_dbl_divzero  m_wm.l(dunder.o)
    0x00002d80   0x00000014   Code   RO          445    i.__mathlib_dbl_infnan2  m_wm.l(dunder.o)
    0x00002d94   0x00000004   PAD
    0x00002d98   0x00000020   Code   RO          446    i.__mathlib_dbl_invalid  m_wm.l(dunder.o)
    0x00002db8   0x00000020   Code   RO          447    i.__mathlib_dbl_overflow  m_wm.l(dunder.o)
    0x00002dd8   0x00000020   Code   RO          449    i.__mathlib_dbl_underflow  m_wm.l(dunder.o)
    0x00002df8   0x00000026   Code   RO           93    i._sys_close        retarget_io.o
    0x00002e1e   0x00000024   Code   RO           94    i._sys_flen         retarget_io.o
    0x00002e42   0x00000024   Code   RO           95    i._sys_istty        retarget_io.o
    0x00002e66   0x00000002   PAD
    0x00002e68   0x00000068   Code   RO           96    i._sys_open         retarget_io.o
    0x00002ed0   0x0000002c   Code   RO           98    i._sys_seek         retarget_io.o
    0x00002efc   0x00000046   Code   RO           99    i._sys_write        retarget_io.o
    0x00002f42   0x00000002   PAD
    0x00002f44   0x00000038   Code   RO            4    i.dp_c              main.o
    0x00002f7c   0x0000003c   Code   RO            5    i.dp_cmsis          main.o
    0x00002fb8   0x00000018   Code   RO          459    i.fabs              m_wm.l(fabs.o)
    0x00002fd0   0x0000001a   Code   RO          541    i.fputc             c_w.l(fputc.o)
    0x00002fea   0x00000002   PAD
    0x00002fec   0x000002a0   Code   RO            6    i.main              main.o
    0x0000328c   0x0000006e   Code   RO          470    i.sqrt              m_wm.l(sqrt_full.o)
    0x000032fa   0x0000000c   Code   RO          100    i.stdout_putchar    retarget_io.o
    0x00003306   0x00000002   PAD
    0x00003308   0x000000d8   Code   RO            7    i.variance_c        main.o
    0x000033e0   0x0000002c   Code   RO          553    locale$$code        c_w.l(lc_numeric_c.o)
    0x0000340c   0x00000032   Code   RO           88    test                asm_max.o
    0x0000343e   0x00000018   Code   RO          408    x$fpl$basic         g_wm.l(basic.o)
    0x00003456   0x00000002   PAD
    0x00003458   0x000002c4   Code   RO          366    x$fpl$d2f           g_wm.l(d2f_clz.o)
    0x0000371c   0x0000024c   Code   RO          368    x$fpl$dadd          g_wm.l(daddsub_clz.o)
    0x00003968   0x0000001c   Code   RO          555    x$fpl$dcheck1       g_wm.l(dcheck1.o)
    0x00003984   0x00000018   Code   RO          725    x$fpl$dcmpinf       g_wm.l(dcmpi.o)
    0x0000399c   0x0000037c   Code   RO          411    x$fpl$ddiv          g_wm.l(ddiv_clz.o)
    0x00003d18   0x0000002e   Code   RO          415    x$fpl$dflt          g_wm.l(dflt_clz.o)
    0x00003d46   0x0000001a   Code   RO          416    x$fpl$dfltn         g_wm.l(dflt_clz.o)
    0x00003d60   0x00000078   Code   RO          557    x$fpl$dleqf         g_wm.l(dleqf.o)
    0x00003dd8   0x000001c0   Code   RO          420    x$fpl$dmul          g_wm.l(dmul_clz.o)
    0x00003f98   0x00000102   Code   RO          422    x$fpl$dnaninf       g_wm.l(dnaninf.o)
    0x0000409a   0x00000070   Code   RO          559    x$fpl$drenorm       g_wm.l(drenorm_clz.o)
    0x0000410a   0x0000000c   Code   RO          424    x$fpl$dretinf       g_wm.l(dretinf.o)
    0x00004116   0x00000062   Code   RO          426    x$fpl$drleqf        g_wm.l(drleqf.o)
    0x00004178   0x00000050   Code   RO          369    x$fpl$drsb          g_wm.l(daddsub_clz.o)
    0x000041c8   0x00000208   Code   RO          561    x$fpl$dsqrt         g_wm.l(dsqrt_umaalclz.o)
    0x000043d0   0x0000029c   Code   RO          370    x$fpl$dsub          g_wm.l(daddsub_clz.o)
    0x0000466c   0x0000017a   Code   RO          428    x$fpl$dunder        g_wm.l(dunder_clz.o)
    0x000047e6   0x00000002   PAD
    0x000047e8   0x000001ec   Code   RO          430    x$fpl$exception     g_wm.l(except.o)
    0x000049d4   0x0000007a   Code   RO          374    x$fpl$f2d           g_wm.l(f2d.o)
    0x00004a4e   0x000000f2   Code   RO          432    x$fpl$fnaninf       g_wm.l(fnaninf.o)
    0x00004b40   0x0000000a   Code   RO          780    x$fpl$fpinit        g_wm.l(fpinit.o)
    0x00004b4a   0x0000000a   Code   RO          434    x$fpl$fretinf       g_wm.l(fretinf.o)
    0x00004b54   0x0000013c   Code   RO          436    x$fpl$funder        g_wm.l(funder_clz.o)
    0x00004c90   0x00000020   Code   RO          563    x$fpl$ieeestatus    g_wm.l(istatus.o)
    0x00004cb0   0x00000004   Code   RO          376    x$fpl$printf1       g_wm.l(printf1.o)
    0x00004cb4   0x000000b2   Code   RO          565    x$fpl$retnan        g_wm.l(retnan.o)
    0x00004d66   0x00000002   PAD
    0x00004d68   0x00000114   Code   RO          438    x$fpl$scalbn        g_wm.l(scalbn_clz.o)
    0x00004e7c   0x0000007e   Code   RO          440    x$fpl$trapveneer    g_wm.l(trapv.o)
    0x00004efa   0x00000000   Code   RO          442    x$fpl$usenofp       g_wm.l(usenofp.o)
    0x00004efa   0x00000002   PAD
    0x00004efc   0x00000018   Data   RO            9    .constdata          main.o
    0x00004f14   0x00000017   Data   RO          101    .constdata          retarget_io.o
    0x00004f2b   0x00000005   PAD
    0x00004f30   0x00000088   Data   RO          381    .constdata          m_wm.l(pow.o)
    0x00004fb8   0x00000008   Data   RO          467    .constdata          m_wm.l(qnan.o)
    0x00004fc0   0x00000094   Data   RO          514    .constdata          c_w.l(bigflt0.o)
    0x00005054   0x00000020   Data   RO          864    Region$$Table       anon$$obj.o
    0x00005074   0x0000001c   Data   RO          552    locale$$data        c_w.l(lc_numeric_c.o)


    Execution Region ER_RW (Base: 0x20000000, Size: 0x00000fd8, Max: 0xffffffff, ABSOLUTE, COMPRESSED[0x00000e30])

    Base Addr    Size         Type   Attr      Idx    E Section Name        Object

    0x20000000   0x00000fc8   Data   RW           10    .data               main.o
    0x20000fc8   0x00000004   Data   RW          191    .data               system_armcm4.o
    0x20000fcc   0x00000004   Data   RW          405    .data               c_w.l(stdio_streams.o)
    0x20000fd0   0x00000004   Data   RW          406    .data               c_w.l(stdio_streams.o)
    0x20000fd4   0x00000004   Data   RW          407    .data               c_w.l(stdio_streams.o)


    Execution Region ER_ZI (Base: 0x20000fd8, Size: 0x00001160, Max: 0xffffffff, ABSOLUTE)

    Base Addr    Size         Type   Attr      Idx    E Section Name        Object

    0x20000fd8   0x00000054   Zero   RW          402    .bss                c_w.l(stdio_streams.o)
    0x2000102c   0x00000054   Zero   RW          403    .bss                c_w.l(stdio_streams.o)
    0x20001080   0x00000054   Zero   RW          404    .bss                c_w.l(stdio_streams.o)
    0x200010d4   0x00000060   Zero   RW          568    .bss                c_w.l(libspace.o)
    0x20001134   0x00000004   PAD
    0x20001138   0x00000c00   Zero   RW          180    HEAP                startup_armcm4.o
    0x20001d38   0x00000400   Zero   RW          179    STACK               startup_armcm4.o


==============================================================================

Image component sizes


      Code (inc. data)   RO Data    RW Data    ZI Data      Debug   Object Name

        50          0          0          0          0        200   asm_max.o
      1004        224         24       4040          0       9210   main.o
       388         30         23          0          0       6678   retarget_io.o
        64         26        192          0       4096        860   startup_armcm4.o
        48         18          0          4          0        659   system_armcm4.o

    ----------------------------------------------------------------------
      1560        298        276       4044       4096      17607   Object Totals
         0          0         32          0          0          0   (incl. Generated)
         6          0          5          0          0          0   (incl. Padding)

    ----------------------------------------------------------------------

      Code (inc. data)   RO Data    RW Data    ZI Data      Debug   Library Member Name

       210          0          0          0          0      17566   arm_add_f32.o
       216          0          0          0          0       1742   arm_max_f32.o
       210          0          0          0          0       1199   arm_mult_f32.o
       100          0          0          0          0          0   __dclz77c.o
         8          0          0          0          0         68   __main.o
       104          0          0          0          0         84   __printf.o
         0          0          0          0          0          0   __rtentry.o
        12          0          0          0          0          0   __rtentry2.o
         6          0          0          0          0          0   __rtentry4.o
        52          8          0          0          0          0   __scatter.o
        28          0          0          0          0          0   __scatter_zi.o
        48          4          0          0          0         84   _fptrap.o
        48          6          0          0          0         96   _printf_char_common.o
        36          4          0          0          0         80   _printf_char_file.o
         6          0          0          0          0          0   _printf_d.o
       120         16          0          0          0         92   _printf_dec.o
         6          0          0          0          0          0   _printf_f.o
      1050          0          0          0          0        216   _printf_fp_dec.o
       128         16          0          0          0         84   _printf_fp_infnan.o
       178          0          0          0          0         88   _printf_intcommon.o
         0          0          0          0          0          0   _printf_percent.o
         4          0          0          0          0          0   _printf_percent_end.o
        22          0          0          0          0        100   _rserrno.o
       220          4        148          0          0         96   bigflt0.o
      1910        128          0          0          0        672   btod.o
        10          0          0          0          0         68   defsig_exit.o
       172        110          0          0          0         76   defsig_fpe_inner.o
        14          0          0          0          0         80   defsig_fpe_outer.o
        50          0          0          0          0         88   defsig_general.o
        80         58          0          0          0         76   defsig_rtmem_inner.o
        14          0          0          0          0         80   defsig_rtmem_outer.o
        52         38          0          0          0         76   defsig_rtred_inner.o
        14          0          0          0          0         80   defsig_rtred_outer.o
        12          0          0          0          0         72   exit.o
        76          0          0          0          0         88   fclose.o
         8          0          0          0          0         68   ferror.o
       470          0          0          0          0         88   flsbuf.o
       236          4          0          0          0        128   fopen.o
        26          0          0          0          0         68   fputc.o
       248          6          0          0          0         84   fseek.o
        66          0          0          0          0         76   ftell.o
        94          0          0          0          0         80   h1_alloc.o
        52          0          0          0          0         68   h1_extend.o
        78          0          0          0          0         80   h1_free.o
        14          0          0          0          0         84   h1_init.o
         6          0          0          0          0        152   heapauxi.o
         4          0          0          0          0        136   hguard.o
         0          0          0          0          0          0   indicate_semi.o
       138          0          0          0          0        168   init_alloc.o
       312         46          0          0          0        112   initio.o
        44         10         28          0          0         76   lc_numeric_c.o
         2          0          0          0          0          0   libinit.o
        34          0          0          0          0          0   libinit2.o
         2          0          0          0          0          0   libshutdown.o
         6          0          0          0          0          0   libshutdown2.o
         8          4          0          0         96         68   libspace.o
       138          0          0          0          0         80   lludiv10.o
         0          0          0          0          0          0   maybetermalloc1.o
        24          4          0          0          0         84   noretval__2printf.o
         8          4          0          0          0         68   rt_errno_addr_intlibspace.o
         8          4          0          0          0         68   rt_heap_descriptor_intlibspace.o
         8          4          0          0          0         68   rt_locale_intlibspace.o
        78          0          0          0          0         80   rt_memclr_w.o
         2          0          0          0          0          0   rtexit.o
        10          0          0          0          0          0   rtexit2.o
        70          0          0          0          0         80   setvbuf.o
       240          6          0          0          0        156   stdio.o
         0          0          0         12        252          0   stdio_streams.o
       128          0          0          0          0         68   strcmpv7m.o
        12          4          0          0          0         68   sys_exit.o
        74          0          0          0          0         80   sys_stackheap_outer.o
        14          0          0          0          0         76   sys_wrch.o
         2          0          0          0          0         68   use_no_semi.o
        24          0          0          0          0        164   basic.o
       708         16          0          0          0        140   d2f_clz.o
      1336         32          0          0          0        532   daddsub_clz.o
        28          0          0          0          0        116   dcheck1.o
        24          0          0          0          0        116   dcmpi.o
       892        152          0          0          0        292   ddiv_clz.o
        72          0          0          0          0        232   dflt_clz.o
       120          8          0          0          0        140   dleqf.o
       448         16          0          0          0        164   dmul_clz.o
       258          4          0          0          0        156   dnaninf.o
       112          0          0          0          0        160   drenorm_clz.o
        12          0          0          0          0        116   dretinf.o
        98          0          0          0          0        128   drleqf.o
       520         56          0          0          0        180   dsqrt_umaalclz.o
       378          0          0          0          0        168   dunder_clz.o
       492         36          0          0          0        148   except.o
       122          8          0          0          0        132   f2d.o
       242          4          0          0          0        144   fnaninf.o
        10          0          0          0          0        116   fpinit.o
        10          0          0          0          0        116   fretinf.o
       316          0          0          0          0        132   funder_clz.o
        32          4          0          0          0        116   istatus.o
         4          0          0          0          0        116   printf1.o
       178          0          0          0          0        116   retnan.o
       276          4          0          0          0        124   scalbn_clz.o
       126          0          0          0          0        148   trapv.o
         0          0          0          0          0          0   usenofp.o
       164         44          0          0          0        620   dunder.o
        24          0          0          0          0        124   fabs.o
        48          0          0          0          0        124   fpclassify.o
       248          0          0          0          0        152   poly.o
      3128        302        136          0          0        356   pow.o
         0          0          8          0          0          0   qnan.o
       110          0          0          0          0        148   sqrt_full.o

    ----------------------------------------------------------------------
     18468       1174        320         12        352      31367   Library Totals
        28          0          0          0          4          0   (incl. Padding)

    ----------------------------------------------------------------------

      Code (inc. data)   RO Data    RW Data    ZI Data      Debug   Library Name

       636          0          0          0          0      20507   arm_cortexM4lf_math.lib
      7244        488        176         12        348       5124   c_w.l
      6838        340          0          0          0       4212   g_wm.l
      3722        346        144          0          0       1524   m_wm.l

    ----------------------------------------------------------------------
     18468       1174        320         12        352      31367   Library Totals

    ----------------------------------------------------------------------

==============================================================================


      Code (inc. data)   RO Data    RW Data    ZI Data      Debug   

     20028       1472        596       4056       4448      41262   Grand Totals
     20028       1472        596       3632       4448      41262   ELF Image Totals (compressed)
     20028       1472        596       3632          0          0   ROM Totals

==============================================================================

    Total RO  Size (Code + RO Data)                20624 (  20.14kB)
    Total RW  Size (RW Data + ZI Data)              8504 (   8.30kB)
    Total ROM Size (Code + RO Data + RW Data)      24256 (  23.69kB)

==============================================================================

