<html>
<body>
<pre>
<h1>µVision Build Log</h1>
<h2>Tool Versions:</h2>
IDE-Version: µVision V5.26.2.0
Copyright (C) 2018 ARM Ltd and ARM Germany GmbH. All rights reserved.
License Information: Tristan Bouchard, McGill University, LIC=----
 
Tool Versions:
Toolchain:       MDK-Lite  Version: 5.26.2.0
Toolchain Path:  C:\Keil_v5\ARM\ARMCC\Bin
C Compiler:      Armcc.exe V5.06 update 6 (build 750)
Assembler:       Armasm.exe V5.06 update 6 (build 750)
Linker/Locator:  ArmLink.exe V5.06 update 6 (build 750)
Library Manager: ArmAr.exe V5.06 update 6 (build 750)
Hex Converter:   FromElf.exe V5.06 update 6 (build 750)
CPU DLL:         SARMCM3.DLL V5.26.2.0
Dialog DLL:      DCM.DLL V1.17.2.0
Target DLL:      STLink\ST-LINKIII-KEIL_SWO.dll V3.0.5.0
Dialog DLL:      TCM.DLL V1.36.1.0
 
<h2>Project:</h2>
D:\Documents\University\Fall 2018\ECSE 444\ECSE_444_LABS\G14_Lab6\G14_Lab6\MDK-ARM\G14_Lab6.uvprojx
Project File Date:  10/23/2018

<h2>Output:</h2>
*** Using Compiler 'V5.06 update 6 (build 750)', folder: 'C:\Keil_v5\ARM\ARMCC\Bin'
Build target 'G14_Lab6'
compiling main.c...
../Src/main.c(113): warning:  #177-D: variable "DFSDM1ClockIn"  was declared but never referenced
  	uint32_t DFSDM1ClockIn;
../Src/main.c(114): warning:  #177-D: variable "DFSDM2ClockIn"  was declared but never referenced
  	uint32_t DFSDM2ClockIn;
../Src/main.c(117): warning:  #177-D: variable "DFSDM1ClockOut"  was declared but never referenced
  	uint32_t DFSDM1ClockOut;
../Src/main.c(118): warning:  #177-D: variable "DFSDM2ClockOut"  was declared but never referenced
  	uint32_t DFSDM2ClockOut;
../Src/main.c(121): warning:  #177-D: variable "filt0_value"  was declared but never referenced
  	int32_t filt0_value;
../Src/main.c(122): warning:  #177-D: variable "filt1_value"  was declared but never referenced
  	int32_t filt1_value;
../Src/main.c: 6 warnings, 0 errors
linking...
Program Size: Code=9068 RO-data=488 RW-data=20 ZI-data=1644  
FromELF: creating hex file...
"G14_Lab6\G14_Lab6.axf" - 0 Error(s), 6 Warning(s).

<h2>Software Packages used:</h2>

Package Vendor: ARM
                http://www.keil.com/pack/ARM.CMSIS.5.4.0.pack
                ARM.CMSIS.5.4.0
                CMSIS (Cortex Microcontroller Software Interface Standard)
   * Component: CORE Version: 5.1.2

Package Vendor: Keil
                http://www.keil.com/pack/Keil.STM32L4xx_DFP.2.0.0.pack
                Keil.STM32L4xx_DFP.2.0.0
                STMicroelectronics STM32L4 Series Device Support, Drivers and Examples

<h2>Collection of Component include folders:</h2>
  .\RTE\_G14_Lab6
  C:\Keil_v5\ARM\PACK\ARM\CMSIS\5.4.0\CMSIS\Core\Include
  C:\Keil_v5\ARM\PACK\Keil\STM32L4xx_DFP\2.0.0\Drivers\CMSIS\Device\ST\STM32L4xx\Include

<h2>Collection of Component Files used:</h2>

   * Component: ARM::CMSIS:CORE:5.1.2
Build Time Elapsed:  00:00:03
</pre>
</body>
</html>
